../Core/Src/LCD_Driver.c:31:13:LCD_Reset	8	static
../Core/Src/LCD_Driver.c:41:13:LCD_SetBackLight	16	static
../Core/Src/LCD_Driver.c:49:6:LCD_WriteReg	16	static
../Core/Src/LCD_Driver.c:57:6:LCD_WriteData	16	static
../Core/Src/LCD_Driver.c:70:13:LCD_Write_AllData	24	static
../Core/Src/LCD_Driver.c:86:13:LCD_InitReg	8	static
../Core/Src/LCD_Driver.c:199:6:LCD_SetGramScanWay	24	static
../Core/Src/LCD_Driver.c:265:6:LCD_Init	16	static
../Core/Src/LCD_Driver.c:297:6:LCD_SetWindow	24	static
../Core/Src/LCD_Driver.c:321:6:LCD_SetCursor	16	static
../Core/Src/LCD_Driver.c:331:6:LCD_SetColor	16	static
../Core/Src/LCD_Driver.c:343:6:LCD_SetPointlColor	16	static
../Core/Src/LCD_Driver.c:360:6:LCD_SetArealColor	24	static
../Core/Src/LCD_Driver.c:372:6:LCD_Clear	24	static
