../Core/Src/main.c:72:6:LCD_Begin	1
../Core/Src/main.c:73:6:LCD_End	1
../Core/Src/main.c:79:13:LCD_Cmd	1
../Core/Src/main.c:85:13:LCD_Param	1
../Core/Src/main.c:92:13:LCD_WriteCmd	1
../Core/Src/main.c:100:13:LCD_WriteCmdParams	2
../Core/Src/main.c:114:6:LCD_WriteData	1
../Core/Src/main.c:119:13:ILI9486_Init	1
../Core/Src/main.c:162:6:ILI9486_SetAddrWindow	1
../Core/Src/main.c:196:5:main	4
../Core/Src/main.c:294:6:SystemClock_Config	4
../Core/Src/main.c:354:13:MX_CRC_Init	2
../Core/Src/main.c:385:13:MX_SPI2_Init	2
../Core/Src/main.c:433:13:MX_GPIO_Init	1
../Core/Src/main.c:481:6:MPU_Config	1
../Core/Src/main.c:512:6:Error_Handler	1
