../Core/Src/main.c:72:6:LCD_Begin	8	static
../Core/Src/main.c:73:6:LCD_End	8	static
../Core/Src/main.c:79:13:LCD_Cmd	24	static
../Core/Src/main.c:85:13:LCD_Param	24	static
../Core/Src/main.c:92:13:LCD_WriteCmd	16	static
../Core/Src/main.c:100:13:LCD_WriteCmdParams	24	static
../Core/Src/main.c:114:6:LCD_WriteData	16	static
../Core/Src/main.c:119:13:ILI9486_Init	88	static
../Core/Src/main.c:162:6:ILI9486_SetAddrWindow	24	static
../Core/Src/main.c:196:5:main	24	static
../Core/Src/main.c:294:6:SystemClock_Config	120	static
../Core/Src/main.c:354:13:MX_CRC_Init	8	static
../Core/Src/main.c:385:13:MX_SPI2_Init	8	static
../Core/Src/main.c:433:13:MX_GPIO_Init	40	static
../Core/Src/main.c:481:6:MPU_Config	24	static
../Core/Src/main.c:512:6:Error_Handler	4	static,ignoring_inline_asm
