../Core/Src/main.c:63:6:LCD_Begin	8	static
../Core/Src/main.c:64:6:LCD_End	8	static
../Core/Src/main.c:66:6:ILI9486_SetAddrWindow	24	static
../Core/Src/main.c:70:6:LCD_WritePixels	16	static
../Core/Src/main.c:96:5:main	24	static
../Core/Src/main.c:194:6:SystemClock_Config	120	static
../Core/Src/main.c:254:13:MX_CRC_Init	8	static
../Core/Src/main.c:285:13:MX_SPI2_Init	8	static
../Core/Src/main.c:333:13:MX_GPIO_Init	40	static
../Core/Src/main.c:381:6:MPU_Config	24	static
../Core/Src/main.c:412:6:Error_Handler	4	static,ignoring_inline_asm
