Archive member included to satisfy reference by file (symbol)

D:/PROGRAMM/stm32cubeide_2.2.0/STM32CubeIDE/plugins/com.st.stm32cube.ide.mcu.externaltools.gnu-tools-for-stm32.14.3.rel1.win32_1.0.100.202602081740/tools/bin/../lib/gcc/arm-none-eabi/14.3.1/../../../../arm-none-eabi/lib/thumb/v7e-m+dp/hard\libc_nano.a(libc_a-exit.o)
                              D:/PROGRAMM/stm32cubeide_2.2.0/STM32CubeIDE/plugins/com.st.stm32cube.ide.mcu.externaltools.gnu-tools-for-stm32.14.3.rel1.win32_1.0.100.202602081740/tools/bin/../lib/gcc/arm-none-eabi/14.3.1/../../../../arm-none-eabi/lib/thumb/v7e-m+dp/hard/crt0.o (exit)
D:/PROGRAMM/stm32cubeide_2.2.0/STM32CubeIDE/plugins/com.st.stm32cube.ide.mcu.externaltools.gnu-tools-for-stm32.14.3.rel1.win32_1.0.100.202602081740/tools/bin/../lib/gcc/arm-none-eabi/14.3.1/../../../../arm-none-eabi/lib/thumb/v7e-m+dp/hard\libc_nano.a(libc_a-findfp.o)
                              D:/PROGRAMM/stm32cubeide_2.2.0/STM32CubeIDE/plugins/com.st.stm32cube.ide.mcu.externaltools.gnu-tools-for-stm32.14.3.rel1.win32_1.0.100.202602081740/tools/bin/../lib/gcc/arm-none-eabi/14.3.1/../../../../arm-none-eabi/lib/thumb/v7e-m+dp/hard\libc_nano.a(libc_a-exit.o) (__stdio_exit_handler)
D:/PROGRAMM/stm32cubeide_2.2.0/STM32CubeIDE/plugins/com.st.stm32cube.ide.mcu.externaltools.gnu-tools-for-stm32.14.3.rel1.win32_1.0.100.202602081740/tools/bin/../lib/gcc/arm-none-eabi/14.3.1/../../../../arm-none-eabi/lib/thumb/v7e-m+dp/hard\libc_nano.a(libc_a-fwalk.o)
                              D:/PROGRAMM/stm32cubeide_2.2.0/STM32CubeIDE/plugins/com.st.stm32cube.ide.mcu.externaltools.gnu-tools-for-stm32.14.3.rel1.win32_1.0.100.202602081740/tools/bin/../lib/gcc/arm-none-eabi/14.3.1/../../../../arm-none-eabi/lib/thumb/v7e-m+dp/hard\libc_nano.a(libc_a-findfp.o) (_fwalk_sglue)
D:/PROGRAMM/stm32cubeide_2.2.0/STM32CubeIDE/plugins/com.st.stm32cube.ide.mcu.externaltools.gnu-tools-for-stm32.14.3.rel1.win32_1.0.100.202602081740/tools/bin/../lib/gcc/arm-none-eabi/14.3.1/../../../../arm-none-eabi/lib/thumb/v7e-m+dp/hard\libc_nano.a(libc_a-stdio.o)
                              D:/PROGRAMM/stm32cubeide_2.2.0/STM32CubeIDE/plugins/com.st.stm32cube.ide.mcu.externaltools.gnu-tools-for-stm32.14.3.rel1.win32_1.0.100.202602081740/tools/bin/../lib/gcc/arm-none-eabi/14.3.1/../../../../arm-none-eabi/lib/thumb/v7e-m+dp/hard\libc_nano.a(libc_a-findfp.o) (__sread)
D:/PROGRAMM/stm32cubeide_2.2.0/STM32CubeIDE/plugins/com.st.stm32cube.ide.mcu.externaltools.gnu-tools-for-stm32.14.3.rel1.win32_1.0.100.202602081740/tools/bin/../lib/gcc/arm-none-eabi/14.3.1/../../../../arm-none-eabi/lib/thumb/v7e-m+dp/hard\libc_nano.a(libc_a-memset.o)
                              D:/PROGRAMM/stm32cubeide_2.2.0/STM32CubeIDE/plugins/com.st.stm32cube.ide.mcu.externaltools.gnu-tools-for-stm32.14.3.rel1.win32_1.0.100.202602081740/tools/bin/../lib/gcc/arm-none-eabi/14.3.1/../../../../arm-none-eabi/lib/thumb/v7e-m+dp/hard/crt0.o (memset)
D:/PROGRAMM/stm32cubeide_2.2.0/STM32CubeIDE/plugins/com.st.stm32cube.ide.mcu.externaltools.gnu-tools-for-stm32.14.3.rel1.win32_1.0.100.202602081740/tools/bin/../lib/gcc/arm-none-eabi/14.3.1/../../../../arm-none-eabi/lib/thumb/v7e-m+dp/hard\libc_nano.a(libc_a-closer.o)
                              D:/PROGRAMM/stm32cubeide_2.2.0/STM32CubeIDE/plugins/com.st.stm32cube.ide.mcu.externaltools.gnu-tools-for-stm32.14.3.rel1.win32_1.0.100.202602081740/tools/bin/../lib/gcc/arm-none-eabi/14.3.1/../../../../arm-none-eabi/lib/thumb/v7e-m+dp/hard\libc_nano.a(libc_a-stdio.o) (_close_r)
D:/PROGRAMM/stm32cubeide_2.2.0/STM32CubeIDE/plugins/com.st.stm32cube.ide.mcu.externaltools.gnu-tools-for-stm32.14.3.rel1.win32_1.0.100.202602081740/tools/bin/../lib/gcc/arm-none-eabi/14.3.1/../../../../arm-none-eabi/lib/thumb/v7e-m+dp/hard\libc_nano.a(libc_a-reent.o)
                              D:/PROGRAMM/stm32cubeide_2.2.0/STM32CubeIDE/plugins/com.st.stm32cube.ide.mcu.externaltools.gnu-tools-for-stm32.14.3.rel1.win32_1.0.100.202602081740/tools/bin/../lib/gcc/arm-none-eabi/14.3.1/../../../../arm-none-eabi/lib/thumb/v7e-m+dp/hard\libc_nano.a(libc_a-closer.o) (errno)
D:/PROGRAMM/stm32cubeide_2.2.0/STM32CubeIDE/plugins/com.st.stm32cube.ide.mcu.externaltools.gnu-tools-for-stm32.14.3.rel1.win32_1.0.100.202602081740/tools/bin/../lib/gcc/arm-none-eabi/14.3.1/../../../../arm-none-eabi/lib/thumb/v7e-m+dp/hard\libc_nano.a(libc_a-impure.o)
                              D:/PROGRAMM/stm32cubeide_2.2.0/STM32CubeIDE/plugins/com.st.stm32cube.ide.mcu.externaltools.gnu-tools-for-stm32.14.3.rel1.win32_1.0.100.202602081740/tools/bin/../lib/gcc/arm-none-eabi/14.3.1/../../../../arm-none-eabi/lib/thumb/v7e-m+dp/hard\libc_nano.a(libc_a-reent.o) (_impure_ptr)
D:/PROGRAMM/stm32cubeide_2.2.0/STM32CubeIDE/plugins/com.st.stm32cube.ide.mcu.externaltools.gnu-tools-for-stm32.14.3.rel1.win32_1.0.100.202602081740/tools/bin/../lib/gcc/arm-none-eabi/14.3.1/../../../../arm-none-eabi/lib/thumb/v7e-m+dp/hard\libc_nano.a(libc_a-lseekr.o)
[...]
Memory Configuration

Name             Origin             Length             Attributes
ITCMRAM          0x00000000         0x00010000         xrw
DTCMRAM          0x20000000         0x00020000         xrw
FLASH            0x08000000         0x00100000         xr
RAM_D1           0x24000000         0x00050000         xrw
RAM_D2           0x30000000         0x00008000         xrw
RAM_D3           0x38000000         0x00004000         xrw
*default*        0x00000000         0xffffffff

Linker script and memory map

LOAD D:/PROGRAMM/stm32cubeide_2.2.0/STM32CubeIDE/plugins/com.st.stm32cube.ide.mcu.externaltools.gnu-tools-for-stm32.14.3.rel1.win32_1.0.100.202602081740/tools/bin/../lib/gcc/arm-none-eabi/14.3.1/thumb/v7e-m+dp/hard/crti.o
LOAD D:/PROGRAMM/stm32cubeide_2.2.0/STM32CubeIDE/plugins/com.st.stm32cube.ide.mcu.externaltools.gnu-tools-for-stm32.14.3.rel1.win32_1.0.100.202602081740/tools/bin/../lib/gcc/arm-none-eabi/14.3.1/thumb/v7e-m+dp/hard/crtbegin.o
LOAD D:/PROGRAMM/stm32cubeide_2.2.0/STM32CubeIDE/plugins/com.st.stm32cube.ide.mcu.externaltools.gnu-tools-for-stm32.14.3.rel1.win32_1.0.100.202602081740/tools/bin/../lib/gcc/arm-none-eabi/14.3.1/../../../../arm-none-eabi/lib/thumb/v7e-m+dp/hard/crt0.o
LOAD ./Core/Src/lcd_ili9486.o
LOAD ./Core/Src/main.o
LOAD ./Core/Src/stm32h7xx_hal_msp.o
LOAD ./Core/Src/stm32h7xx_it.o
LOAD ./Core/Src/syscalls.o
LOAD ./Core/Src/sysmem.o
LOAD ./Core/Src/system_stm32h7xx.o
LOAD ./Core/Startup/startup_stm32h723vgtx.o
LOAD ./Drivers/STM32H7xx_HAL_Driver/Src/stm32h7xx_hal.o
LOAD ./Drivers/STM32H7xx_HAL_Driver/Src/stm32h7xx_hal_cortex.o
LOAD ./Drivers/STM32H7xx_HAL_Driver/Src/stm32h7xx_hal_dma.o
LOAD ./Drivers/STM32H7xx_HAL_Driver/Src/stm32h7xx_hal_dma_ex.o
LOAD ./Drivers/STM32H7xx_HAL_Driver/Src/stm32h7xx_hal_exti.o
LOAD ./Drivers/STM32H7xx_HAL_Driver/Src/stm32h7xx_hal_flash.o
LOAD ./Drivers/STM32H7xx_HAL_Driver/Src/stm32h7xx_hal_flash_ex.o
LOAD ./Drivers/STM32H7xx_HAL_Driver/Src/stm32h7xx_hal_gpio.o
LOAD ./Drivers/STM32H7xx_HAL_Driver/Src/stm32h7xx_hal_hsem.o
LOAD ./Drivers/STM32H7xx_HAL_Driver/Src/stm32h7xx_hal_i2c.o
LOAD ./Drivers/STM32H7xx_HAL_Driver/Src/stm32h7xx_hal_i2c_ex.o
LOAD ./Drivers/STM32H7xx_HAL_Driver/Src/stm32h7xx_hal_mdma.o
LOAD ./Drivers/STM32H7xx_HAL_Driver/Src/stm32h7xx_hal_pwr.o
LOAD ./Drivers/STM32H7xx_HAL_Driver/Src/stm32h7xx_hal_pwr_ex.o
LOAD ./Drivers/STM32H7xx_HAL_Driver/Src/stm32h7xx_hal_rcc.o
LOAD ./Drivers/STM32H7xx_HAL_Driver/Src/stm32h7xx_hal_rcc_ex.o
LOAD ./Drivers/STM32H7xx_HAL_Driver/Src/stm32h7xx_hal_spi.o
LOAD ./Drivers/STM32H7xx_HAL_Driver/Src/stm32h7xx_hal_spi_ex.o
LOAD ./Drivers/STM32H7xx_HAL_Driver/Src/stm32h7xx_hal_tim.o
LOAD ./Drivers/STM32H7xx_HAL_Driver/Src/stm32h7xx_hal_tim_ex.o
START GROUP
LOAD D:/PROGRAMM/stm32cubeide_2.2.0/STM32CubeIDE/plugins/com.st.stm32cube.ide.mcu.externaltools.gnu-tools-for-stm32.14.3.rel1.win32_1.0.100.202602081740/tools/bin/../lib/gcc/arm-none-eabi/14.3.1/../../../../arm-none-eabi/lib/thumb/v7e-m+dp/hard\libc_nano.a
LOAD D:/PROGRAMM/stm32cubeide_2.2.0/STM32CubeIDE/plugins/com.st.stm32cube.ide.mcu.externaltools.gnu-tools-for-stm32.14.3.rel1.win32_1.0.100.202602081740/tools/bin/../lib/gcc/arm-none-eabi/14.3.1/../../../../arm-none-eabi/lib/thumb/v7e-m+dp/hard\libm.a
END GROUP
START GROUP
LOAD D:/PROGRAMM/stm32cubeide_2.2.0/STM32CubeIDE/plugins/com.st.stm32cube.ide.mcu.externaltools.gnu-tools-for-stm32.14.3.rel1.win32_1.0.100.202602081740/tools/bin/../lib/gcc/arm-none-eabi/14.3.1/thumb/v7e-m+dp/hard\libgcc.a
LOAD D:/PROGRAMM/stm32cubeide_2.2.0/STM32CubeIDE/plugins/com.st.stm32cube.ide.mcu.externaltools.gnu-tools-for-stm32.14.3.rel1.win32_1.0.100.202602081740/tools/bin/../lib/gcc/arm-none-eabi/14.3.1/../../../../arm-none-eabi/lib/thumb/v7e-m+dp/hard\libc_nano.a
END GROUP
START GROUP
LOAD D:/PROGRAMM/stm32cubeide_2.2.0/STM32CubeIDE/plugins/com.st.stm32cube.ide.mcu.externaltools.gnu-tools-for-stm32.14.3.rel1.win32_1.0.100.202602081740/tools/bin/../lib/gcc/arm-none-eabi/14.3.1/thumb/v7e-m+dp/hard\libgcc.a
LOAD D:/PROGRAMM/stm32cubeide_2.2.0/STM32CubeIDE/plugins/com.st.stm32cube.ide.mcu.externaltools.gnu-tools-for-stm32.14.3.rel1.win32_1.0.100.202602081740/tools/bin/../lib/gcc/arm-none-eabi/14.3.1/../../../../arm-none-eabi/lib/thumb/v7e-m+dp/hard\libc_nano.a
LOAD D:/PROGRAMM/stm32cubeide_2.2.0/STM32CubeIDE/plugins/com.st.stm32cube.ide.mcu.externaltools.gnu-tools-for-stm32.14.3.rel1.win32_1.0.100.202602081740/tools/bin/../lib/gcc/arm-none-eabi/14.3.1/../../../../arm-none-eabi/lib/thumb/v7e-m+dp/hard\libnosys.a
END GROUP
START GROUP
LOAD D:/PROGRAMM/stm32cubeide_2.2.0/STM32CubeIDE/plugins/com.st.stm32cube.ide.mcu.externaltools.gnu-tools-for-stm32.14.3.rel1.win32_1.0.100.202602081740/tools/bin/../lib/gcc/arm-none-eabi/14.3.1/thumb/v7e-m+dp/hard\libgcc.a
LOAD D:/PROGRAMM/stm32cubeide_2.2.0/STM32CubeIDE/plugins/com.st.stm32cube.ide.mcu.externaltools.gnu-tools-for-stm32.14.3.rel1.win32_1.0.100.202602081740/tools/bin/../lib/gcc/arm-none-eabi/14.3.1/../../../../arm-none-eabi/lib/thumb/v7e-m+dp/hard\libc_nano.a
LOAD D:/PROGRAMM/stm32cubeide_2.2.0/STM32CubeIDE/plugins/com.st.stm32cube.ide.mcu.externaltools.gnu-tools-for-stm32.14.3.rel1.win32_1.0.100.202602081740/tools/bin/../lib/gcc/arm-none-eabi/14.3.1/../../../../arm-none-eabi/lib/thumb/v7e-m+dp/hard\libnosys.a
END GROUP
LOAD D:/PROGRAMM/stm32cubeide_2.2.0/STM32CubeIDE/plugins/com.st.stm32cube.ide.mcu.externaltools.gnu-tools-for-stm32.14.3.rel1.win32_1.0.100.202602081740/tools/bin/../lib/gcc/arm-none-eabi/14.3.1/thumb/v7e-m+dp/hard/crtend.o
LOAD D:/PROGRAMM/stm32cubeide_2.2.0/STM32CubeIDE/plugins/com.st.stm32cube.ide.mcu.externaltools.gnu-tools-for-stm32.14.3.rel1.win32_1.0.100.202602081740/tools/bin/../lib/gcc/arm-none-eabi/14.3.1/thumb/v7e-m+dp/hard/crtn.o
                0x24050000                        _estack = (ORIGIN (RAM_D1) + LENGTH (RAM_D1))
                0x00000200                        _Min_Heap_Size = 0x200
                0x00000400                        _Min_Stack_Size = 0x400

.isr_vector     0x08000000      0x2cc
                0x08000000                        . = ALIGN (0x4)
 *(.isr_vector)
 .isr_vector    0x08000000      0x2cc ./Core/Startup/startup_stm32h723vgtx.o
                0x08000000                g_pfnVectors
                0x080002cc                        . = ALIGN (0x4)

.text           0x080002cc     0x4628
                0x080002cc                        . = ALIGN (0x4)
 *(.text)
 .text          0x080002cc       0x40 D:/PROGRAMM/stm32cubeide_2.2.0/STM32CubeIDE/plugins/com.st.stm32cube.ide.mcu.externaltools.gnu-tools-for-stm32.14.3.rel1.win32_1.0.100.202602081740/tools/bin/../lib/gcc/arm-none-eabi/14.3.1/thumb/v7e-m+dp/hard/crtbegin.o
 *(.text*)
 .text.LCD_CS_Low
                0x0800030c       0x18 ./Core/Src/lcd_ili9486.o
 .text.LCD_CS_High
                0x08000324       0x18 ./Core/Src/lcd_ili9486.o
 .text.LCD_WriteReg
                0x0800033c       0x3c ./Core/Src/lcd_ili9486.o
 .text.LCD_WriteData8
                0x08000378       0x44 ./Core/Src/lcd_ili9486.o
 .text.LCD_Reset
                0x080003bc       0x44 ./Core/Src/lcd_ili9486.o
 .text.LCD_InitRegisters
                0x08000400      0x21e ./Core/Src/lcd_ili9486.o
 *fill*         0x0800061e        0x2 
 .text.LCD_Init
                0x08000620       0x40 ./Core/Src/lcd_ili9486.o
                0x08000620                LCD_Init
 .text.LCD_ReadID
                0x08000660       0x7c ./Core/Src/lcd_ili9486.o
                0x08000660                LCD_ReadID
 .text.TP_ReadRaw
                0x080006dc       0xb0 ./Core/Src/lcd_ili9486.o
                0x080006dc                TP_ReadRaw
 .text.main     0x0800078c       0x44 ./Core/Src/main.o
                0x0800078c                main
 .text.SystemClock_Config
                0x080007d0       0xdc ./Core/Src/main.o
                0x080007d0                SystemClock_Config
 .text.MX_SPI2_Init
                0x080008ac       0xac ./Core/Src/main.o
 .text.MX_GPIO_Init
                0x08000958       0xf0 ./Core/Src/main.o
 .text.MPU_Config
                0x08000a48       0x58 ./Core/Src/main.o
 .text.Error_Handler
                0x08000aa0        0xc ./Core/Src/main.o
                0x08000aa0                Error_Handler
 .text.HAL_MspInit
                0x08000aac       0x34 ./Core/Src/stm32h7xx_hal_msp.o
                0x08000aac                HAL_MspInit
 .text.HAL_SPI_MspInit
                0x08000ae0       0xd0 ./Core/Src/stm32h7xx_hal_msp.o
                0x08000ae0                HAL_SPI_MspInit
 .text.NMI_Handler
                0x08000bb0        0x8 ./Core/Src/stm32h7xx_it.o
                0x08000bb0                NMI_Handler
 .text.HardFault_Handler
                0x08000bb8        0x8 ./Core/Src/stm32h7xx_it.o
                0x08000bb8                HardFault_Handler
 .text.MemManage_Handler
                0x08000bc0        0x8 ./Core/Src/stm32h7xx_it.o
                0x08000bc0                MemManage_Handler
 .text.BusFault_Handler
                0x08000bc8        0x8 ./Core/Src/stm32h7xx_it.o
                0x08000bc8                BusFault_Handler
 .text.UsageFault_Handler
                0x08000bd0        0x8 ./Core/Src/stm32h7xx_it.o
                0x08000bd0                UsageFault_Handler
 .text.SVC_Handler
                0x08000bd8        0xe ./Core/Src/stm32h7xx_it.o
                0x08000bd8                SVC_Handler
 .text.DebugMon_Handler
                0x08000be6        0xe ./Core/Src/stm32h7xx_it.o
                0x08000be6                DebugMon_Handler
 .text.PendSV_Handler
                0x08000bf4        0xe ./Core/Src/stm32h7xx_it.o
                0x08000bf4                PendSV_Handler
 .text.SysTick_Handler
                0x08000c02        0xc ./Core/Src/stm32h7xx_it.o
                0x08000c02                SysTick_Handler
 *fill*         0x08000c0e        0x2 
 .text.SystemInit
                0x08000c10      0x120 ./Core/Src/system_stm32h7xx.o
                0x08000c10                SystemInit
 .text.ExitRun0Mode
                0x08000d30       0x18 ./Core/Src/system_stm32h7xx.o
                0x08000d30                ExitRun0Mode
 .text.Reset_Handler
                0x08000d48       0x54 ./Core/Startup/startup_stm32h723vgtx.o
                0x08000d48                Reset_Handler
 .text.Default_Handler
                0x08000d9c        0x2 ./Core/Startup/startup_stm32h723vgtx.o
                0x08000d9c                RTC_Alarm_IRQHandler
                0x08000d9c                EXTI2_IRQHandler
                0x08000d9c                TIM8_CC_IRQHandler
                0x08000d9c                UART8_IRQHandler
                0x08000d9c                SPI4_IRQHandler
                0x08000d9c                FDCAN3_IT0_IRQHandler
                0x08000d9c                TIM1_CC_IRQHandler
                0x08000d9c                BDMA_Channel6_IRQHandler
                0x08000d9c                DMA2_Stream5_IRQHandler
                0x08000d9c                DMA1_Stream5_IRQHandler
                0x08000d9c                CORDIC_IRQHandler
                0x08000d9c                BDMA_Channel1_IRQHandler
                0x08000d9c                TAMP_STAMP_IRQHandler
                0x08000d9c                EXTI3_IRQHandler
                0x08000d9c                LPTIM4_IRQHandler
                0x08000d9c                TIM8_TRG_COM_TIM14_IRQHandler
                0x08000d9c                LPTIM2_IRQHandler
                0x08000d9c                DFSDM1_FLT1_IRQHandler
                0x08000d9c                DMAMUX2_OVR_IRQHandler
                0x08000d9c                TIM8_UP_TIM13_IRQHandler
                0x08000d9c                I2C3_ER_IRQHandler
                0x08000d9c                DFSDM1_FLT2_IRQHandler
                0x08000d9c                I2C5_EV_IRQHandler
                0x08000d9c                USART10_IRQHandler
                0x08000d9c                MDMA_IRQHandler
                0x08000d9c                LPTIM3_IRQHandler
                0x08000d9c                HSEM1_IRQHandler
                0x08000d9c                EXTI0_IRQHandler
                0x08000d9c                I2C2_EV_IRQHandler
                0x08000d9c                DMA1_Stream2_IRQHandler
                0x08000d9c                FPU_IRQHandler
                0x08000d9c                OTG_HS_WKUP_IRQHandler
                0x08000d9c                FDCAN1_IT1_IRQHandler
                0x08000d9c                LTDC_ER_IRQHandler
                0x08000d9c                DMA2_Stream2_IRQHandler
                0x08000d9c                SPI1_IRQHandler
                0x08000d9c                OCTOSPI1_IRQHandler
                0x08000d9c                TIM6_DAC_IRQHandler
                0x08000d9c                DMA2_Stream3_IRQHandler
                0x08000d9c                OCTOSPI2_IRQHandler
                0x08000d9c                DFSDM1_FLT3_IRQHandler
                0x08000d9c                TIM23_IRQHandler
                0x08000d9c                USART6_IRQHandler
                0x08000d9c                TIM17_IRQHandler
                0x08000d9c                USART3_IRQHandler
                0x08000d9c                BDMA_Channel7_IRQHandler
                0x08000d9c                LPTIM5_IRQHandler
                0x08000d9c                UART5_IRQHandler
                0x08000d9c                ADC3_IRQHandler
                0x08000d9c                DMA2_Stream0_IRQHandler
                0x08000d9c                TIM4_IRQHandler
                0x08000d9c                BDMA_Channel2_IRQHandler
                0x08000d9c                I2C1_EV_IRQHandler
                0x08000d9c                DMA1_Stream6_IRQHandler
                0x08000d9c                DMAMUX1_OVR_IRQHandler
                0x08000d9c                DMA1_Stream1_IRQHandler
                0x08000d9c                TIM16_IRQHandler
                0x08000d9c                UART4_IRQHandler
                0x08000d9c                BDMA_Channel5_IRQHandler
                0x08000d9c                TIM3_IRQHandler
                0x08000d9c                RCC_IRQHandler
                0x08000d9c                UART9_IRQHandler
                0x08000d9c                TIM8_BRK_TIM12_IRQHandler
                0x08000d9c                TIM1_TRG_COM_IRQHandler
                0x08000d9c                Default_Handler
                0x08000d9c                ECC_IRQHandler
                0x08000d9c                FMAC_IRQHandler
                0x08000d9c                CEC_IRQHandler
                0x08000d9c                EXTI15_10_IRQHandler
                0x08000d9c                BDMA_Channel0_IRQHandler
                0x08000d9c                ADC_IRQHandler
                0x08000d9c                I2C5_ER_IRQHandler
                0x08000d9c                DMA1_Stream7_IRQHandler
                0x08000d9c                SPI5_IRQHandler
                0x08000d9c                TIM7_IRQHandler
                0x08000d9c                FDCAN3_IT1_IRQHandler
                0x08000d9c                SDMMC1_IRQHandler
                0x08000d9c                TIM5_IRQHandler
                0x08000d9c                DMA2_Stream7_IRQHandler
                0x08000d9c                TIM15_IRQHandler
                0x08000d9c                PVD_AVD_IRQHandler
                0x08000d9c                I2C3_EV_IRQHandler
                0x08000d9c                EXTI9_5_IRQHandler
                0x08000d9c                RTC_WKUP_IRQHandler
                0x08000d9c                LTDC_IRQHandler
                0x08000d9c                ETH_WKUP_IRQHandler
                0x08000d9c                SPDIF_RX_IRQHandler
                0x08000d9c                SPI2_IRQHandler
                0x08000d9c                OTG_HS_EP1_IN_IRQHandler
                0x08000d9c                DMA1_Stream0_IRQHandler
                0x08000d9c                TIM24_IRQHandler
                0x08000d9c                CRS_IRQHandler
                0x08000d9c                EXTI4_IRQHandler
                0x08000d9c                RNG_IRQHandler
                0x08000d9c                FDCAN2_IT1_IRQHandler
                0x08000d9c                ETH_IRQHandler
                0x08000d9c                TIM1_UP_IRQHandler
                0x08000d9c                BDMA_Channel4_IRQHandler
                0x08000d9c                OTG_HS_EP1_OUT_IRQHandler
                0x08000d9c                WWDG_IRQHandler
                0x08000d9c                SPI6_IRQHandler
                0x08000d9c                MDIOS_IRQHandler
                0x08000d9c                I2C4_EV_IRQHandler
                0x08000d9c                FDCAN2_IT0_IRQHandler
                0x08000d9c                LPUART1_IRQHandler
                0x08000d9c                FDCAN1_IT0_IRQHandler
                0x08000d9c                TIM2_IRQHandler
                0x08000d9c                OTG_HS_IRQHandler
                0x08000d9c                DMA2D_IRQHandler
                0x08000d9c                TIM1_BRK_IRQHandler
                0x08000d9c                EXTI1_IRQHandler
                0x08000d9c                SDMMC2_IRQHandler
                0x08000d9c                BDMA_Channel3_IRQHandler
                0x08000d9c                DTS_IRQHandler
                0x08000d9c                UART7_IRQHandler
                0x08000d9c                MDIOS_WKUP_IRQHandler
                0x08000d9c                USART2_IRQHandler
                0x08000d9c                DFSDM1_FLT0_IRQHandler
                0x08000d9c                SAI4_IRQHandler
                0x08000d9c                I2C2_ER_IRQHandler
                0x08000d9c                DMA2_Stream1_IRQHandler
                0x08000d9c                FLASH_IRQHandler
                0x08000d9c                DMA2_Stream4_IRQHandler
                0x08000d9c                USART1_IRQHandler
                0x08000d9c                SPI3_IRQHandler
                0x08000d9c                WAKEUP_PIN_IRQHandler
                0x08000d9c                DMA1_Stream4_IRQHandler
                0x08000d9c                I2C1_ER_IRQHandler
                0x08000d9c                FMC_IRQHandler
                0x08000d9c                FDCAN_CAL_IRQHandler
                0x08000d9c                SWPMI1_IRQHandler
                0x08000d9c                COMP1_IRQHandler
                0x08000d9c                LPTIM1_IRQHandler
                0x08000d9c                DCMI_PSSI_IRQHandler
                0x08000d9c                I2C4_ER_IRQHandler
                0x08000d9c                DMA2_Stream6_IRQHandler
                0x08000d9c                SAI1_IRQHandler
                0x08000d9c                DMA1_Stream3_IRQHandler
 *fill*         0x08000d9e        0x2 
 .text.HAL_Init
                0x08000da0       0x78 ./Drivers/STM32H7xx_HAL_Driver/Src/stm32h7xx_hal.o
                0x08000da0                HAL_Init
 .text.HAL_InitTick
                0x08000e18       0x6c ./Drivers/STM32H7xx_HAL_Driver/Src/stm32h7xx_hal.o
                0x08000e18                HAL_InitTick
 .text.HAL_IncTick
                0x08000e84       0x28 ./Drivers/STM32H7xx_HAL_Driver/Src/stm32h7xx_hal.o
                0x08000e84                HAL_IncTick
 .text.HAL_GetTick
                0x08000eac       0x18 ./Drivers/STM32H7xx_HAL_Driver/Src/stm32h7xx_hal.o
                0x08000eac                HAL_GetTick
 .text.HAL_Delay
                0x08000ec4       0x48 ./Drivers/STM32H7xx_HAL_Driver/Src/stm32h7xx_hal.o
                0x08000ec4                HAL_Delay
 .text.HAL_SYSCFG_AnalogSwitchConfig
                0x08000f0c       0x2c ./Drivers/STM32H7xx_HAL_Driver/Src/stm32h7xx_hal.o
                0x08000f0c                HAL_SYSCFG_AnalogSwitchConfig
 .text.__NVIC_SetPriorityGrouping
                0x08000f38       0x48 ./Drivers/STM32H7xx_HAL_Driver/Src/stm32h7xx_hal_cortex.o
 .text.__NVIC_GetPriorityGrouping
                0x08000f80       0x1c ./Drivers/STM32H7xx_HAL_Driver/Src/stm32h7xx_hal_cortex.o
 .text.__NVIC_SetPriority
                0x08000f9c       0x54 ./Drivers/STM32H7xx_HAL_Driver/Src/stm32h7xx_hal_cortex.o
 .text.NVIC_EncodePriority
                0x08000ff0       0x66 ./Drivers/STM32H7xx_HAL_Driver/Src/stm32h7xx_hal_cortex.o
 *fill*         0x08001056        0x2 
 .text.SysTick_Config
                0x08001058       0x44 ./Drivers/STM32H7xx_HAL_Driver/Src/stm32h7xx_hal_cortex.o
 .text.HAL_NVIC_SetPriorityGrouping
                0x0800109c       0x16 ./Drivers/STM32H7xx_HAL_Driver/Src/stm32h7xx_hal_cortex.o
                0x0800109c                HAL_NVIC_SetPriorityGrouping
 .text.HAL_NVIC_SetPriority
                0x080010b2       0x34 ./Drivers/STM32H7xx_HAL_Driver/Src/stm32h7xx_hal_cortex.o
                0x080010b2                HAL_NVIC_SetPriority
 .text.HAL_SYSTICK_Config
                0x080010e6       0x18 ./Drivers/STM32H7xx_HAL_Driver/Src/stm32h7xx_hal_cortex.o
                0x080010e6                HAL_SYSTICK_Config
 *fill*         0x080010fe        0x2 
 .text.HAL_MPU_Disable
                0x08001100       0x30 ./Drivers/STM32H7xx_HAL_Driver/Src/stm32h7xx_hal_cortex.o
                0x08001100                HAL_MPU_Disable
 .text.HAL_MPU_Enable
                0x08001130       0x40 ./Drivers/STM32H7xx_HAL_Driver/Src/stm32h7xx_hal_cortex.o
                0x08001130                HAL_MPU_Enable
 .text.HAL_MPU_ConfigRegion
                0x08001170       0x80 ./Drivers/STM32H7xx_HAL_Driver/Src/stm32h7xx_hal_cortex.o
                0x08001170                HAL_MPU_ConfigRegion
 .text.HAL_GPIO_Init
                0x080011f0      0x364 ./Drivers/STM32H7xx_HAL_Driver/Src/stm32h7xx_hal_gpio.o
                0x080011f0                HAL_GPIO_Init
 .text.HAL_GPIO_WritePin
                0x08001554       0x32 ./Drivers/STM32H7xx_HAL_Driver/Src/stm32h7xx_hal_gpio.o
                0x08001554                HAL_GPIO_WritePin
 *fill*         0x08001586        0x2 
 .text.HAL_PWREx_ConfigSupply
                0x08001588       0x74 ./Drivers/STM32H7xx_HAL_Driver/Src/stm32h7xx_hal_pwr_ex.o
                0x08001588                HAL_PWREx_ConfigSupply
 .text.HAL_RCC_OscConfig
                0x080015fc      0x7b4 ./Drivers/STM32H7xx_HAL_Driver/Src/stm32h7xx_hal_rcc.o
                0x080015fc                HAL_RCC_OscConfig
 .text.HAL_RCC_ClockConfig
                0x08001db0      0x36c ./Drivers/STM32H7xx_HAL_Driver/Src/stm32h7xx_hal_rcc.o
                0x08001db0                HAL_RCC_ClockConfig
 .text.HAL_RCC_GetSysClockFreq
                0x0800211c      0x2f4 ./Drivers/STM32H7xx_HAL_Driver/Src/stm32h7xx_hal_rcc.o
                0x0800211c                HAL_RCC_GetSysClockFreq
 .text.HAL_RCCEx_PeriphCLKConfig
                0x08002410     0x1340 ./Drivers/STM32H7xx_HAL_Driver/Src/stm32h7xx_hal_rcc_ex.o
                0x08002410                HAL_RCCEx_PeriphCLKConfig
 .text.RCCEx_PLL2_Config
                0x08003750      0x164 ./Drivers/STM32H7xx_HAL_Driver/Src/stm32h7xx_hal_rcc_ex.o
 .text.RCCEx_PLL3_Config
                0x080038b4      0x164 ./Drivers/STM32H7xx_HAL_Driver/Src/stm32h7xx_hal_rcc_ex.o
 .text.HAL_SPI_Init
                0x08003a18      0x248 ./Drivers/STM32H7xx_HAL_Driver/Src/stm32h7xx_hal_spi.o
                0x08003a18                HAL_SPI_Init
 .text.HAL_SPI_Transmit
                0x08003c60      0x3dc ./Drivers/STM32H7xx_HAL_Driver/Src/stm32h7xx_hal_spi.o
                0x08003c60                HAL_SPI_Transmit
 .text.HAL_SPI_TransmitReceive
                0x0800403c      0x674 ./Drivers/STM32H7xx_HAL_Driver/Src/stm32h7xx_hal_spi.o
                0x0800403c                HAL_SPI_TransmitReceive
 .text.SPI_CloseTransfer
                0x080046b0      0x140 ./Drivers/STM32H7xx_HAL_Driver/Src/stm32h7xx_hal_spi.o
 .text.SPI_WaitOnFlagUntilTimeout
                0x080047f0       0x5c ./Drivers/STM32H7xx_HAL_Driver/Src/stm32h7xx_hal_spi.o
 .text.SPI_GetPacketSize
                0x0800484c       0x36 ./Drivers/STM32H7xx_HAL_Driver/Src/stm32h7xx_hal_spi.o
 .text.memset   0x08004882       0x10 D:/PROGRAMM/stm32cubeide_2.2.0/STM32CubeIDE/plugins/com.st.stm32cube.ide.mcu.externaltools.gnu-tools-for-stm32.14.3.rel1.win32_1.0.100.202602081740/tools/bin/../lib/gcc/arm-none-eabi/14.3.1/../../../../arm-none-eabi/lib/thumb/v7e-m+dp/hard\libc_nano.a(libc_a-memset.o)
                0x08004882                memset
 *fill*         0x08004892        0x2 
 .text.__libc_init_array
                0x08004894       0x48 D:/PROGRAMM/stm32cubeide_2.2.0/STM32CubeIDE/plugins/com.st.stm32cube.ide.mcu.externaltools.gnu-tools-for-stm32.14.3.rel1.win32_1.0.100.202602081740/tools/bin/../lib/gcc/arm-none-eabi/14.3.1/../../../../arm-none-eabi/lib/thumb/v7e-m+dp/hard\libc_nano.a(libc_a-init.o)
                0x08004894                __libc_init_array
 *(.glue_7)
 .glue_7        0x080048dc        0x0 linker stubs
 *(.glue_7t)
 .glue_7t       0x080048dc        0x0 linker stubs
 *(.eh_frame)
 .eh_frame      0x080048dc        0x0 D:/PROGRAMM/stm32cubeide_2.2.0/STM32CubeIDE/plugins/com.st.stm32cube.ide.mcu.externaltools.gnu-tools-for-stm32.14.3.rel1.win32_1.0.100.202602081740/tools/bin/../lib/gcc/arm-none-eabi/14.3.1/thumb/v7e-m+dp/hard/crtbegin.o
 *(.init)
 .init          0x080048dc        0x4 D:/PROGRAMM/stm32cubeide_2.2.0/STM32CubeIDE/plugins/com.st.stm32cube.ide.mcu.externaltools.gnu-tools-for-stm32.14.3.rel1.win32_1.0.100.202602081740/tools/bin/../lib/gcc/arm-none-eabi/14.3.1/thumb/v7e-m+dp/hard/crti.o
                0x080048dc                _init
 .init          0x080048e0        0x8 D:/PROGRAMM/stm32cubeide_2.2.0/STM32CubeIDE/plugins/com.st.stm32cube.ide.mcu.externaltools.gnu-tools-for-stm32.14.3.rel1.win32_1.0.100.202602081740/tools/bin/../lib/gcc/arm-none-eabi/14.3.1/thumb/v7e-m+dp/hard/crtn.o
 *(.fini)
 .fini          0x080048e8        0x4 D:/PROGRAMM/stm32cubeide_2.2.0/STM32CubeIDE/plugins/com.st.stm32cube.ide.mcu.externaltools.gnu-tools-for-stm32.14.3.rel1.win32_1.0.100.202602081740/tools/bin/../lib/gcc/arm-none-eabi/14.3.1/thumb/v7e-m+dp/hard/crti.o
                0x080048e8                _fini
 .fini          0x080048ec        0x8 D:/PROGRAMM/stm32cubeide_2.2.0/STM32CubeIDE/plugins/com.st.stm32cube.ide.mcu.externaltools.gnu-tools-for-stm32.14.3.rel1.win32_1.0.100.202602081740/tools/bin/../lib/gcc/arm-none-eabi/14.3.1/thumb/v7e-m+dp/hard/crtn.o
                0x080048f4                        . = ALIGN (0x4)
                0x080048f4                        _etext = .

.vfp11_veneer   0x080048f4        0x0
 .vfp11_veneer  0x080048f4        0x0 linker stubs

.v4_bx          0x080048f4        0x0
 .v4_bx         0x080048f4        0x0 linker stubs

.iplt           0x080048f4        0x0
 .iplt          0x080048f4        0x0 D:/PROGRAMM/stm32cubeide_2.2.0/STM32CubeIDE/plugins/com.st.stm32cube.ide.mcu.externaltools.gnu-tools-for-stm32.14.3.rel1.win32_1.0.100.202602081740/tools/bin/../lib/gcc/arm-none-eabi/14.3.1/thumb/v7e-m+dp/hard/crtbegin.o

.rodata         0x080048f4       0x10
                0x080048f4                        . = ALIGN (0x4)
 *(.rodata)
 *(.rodata*)
 .rodata.D1CorePrescTable
                0x080048f4       0x10 ./Core/Src/system_stm32h7xx.o
                0x080048f4                D1CorePrescTable
                0x08004904                        . = ALIGN (0x4)

.ARM.extab
 *(.ARM.extab* .gnu.linkonce.armextab.*)

.ARM            0x08004904        0x0
                0x08004904                        __exidx_start = .
 *(.ARM.exidx*)
                0x08004904                        __exidx_end = .

.preinit_array  0x08004904        0x0
                0x08004904                        PROVIDE (__preinit_array_start = .)
 *(.preinit_array*)
                0x08004904                        PROVIDE (__preinit_array_end = .)

.init_array     0x08004904        0x4
                0x08004904                        PROVIDE (__init_array_start = .)
 *(SORT_BY_NAME(.init_array.*))
 *(.init_array*)
 .init_array    0x08004904        0x4 D:/PROGRAMM/stm32cubeide_2.2.0/STM32CubeIDE/plugins/com.st.stm32cube.ide.mcu.externaltools.gnu-tools-for-stm32.14.3.rel1.win32_1.0.100.202602081740/tools/bin/../lib/gcc/arm-none-eabi/14.3.1/thumb/v7e-m+dp/hard/crtbegin.o
                0x08004908                        PROVIDE (__init_array_end = .)

.fini_array     0x08004908        0x4
                [!provide]                        PROVIDE (__fini_array_start = .)
 *(SORT_BY_NAME(.fini_array.*))
 *(.fini_array*)
 .fini_array    0x08004908        0x4 D:/PROGRAMM/stm32cubeide_2.2.0/STM32CubeIDE/plugins/com.st.stm32cube.ide.mcu.externaltools.gnu-tools-for-stm32.14.3.rel1.win32_1.0.100.202602081740/tools/bin/../lib/gcc/arm-none-eabi/14.3.1/thumb/v7e-m+dp/hard/crtbegin.o
                [!provide]                        PROVIDE (__fini_array_end = .)
                0x0800490c                        _sidata = LOADADDR (.data)

.rel.dyn        0x0800490c        0x0
 .rel.iplt      0x0800490c        0x0 D:/PROGRAMM/stm32cubeide_2.2.0/STM32CubeIDE/plugins/com.st.stm32cube.ide.mcu.externaltools.gnu-tools-for-stm32.14.3.rel1.win32_1.0.100.202602081740/tools/bin/../lib/gcc/arm-none-eabi/14.3.1/thumb/v7e-m+dp/hard/crtbegin.o

.data           0x24000000       0x10 load address 0x0800490c
                0x24000000                        . = ALIGN (0x4)
                0x24000000                        _sdata = .
 *(.data)
 *(.data*)
 .data.SystemCoreClock
                0x24000000        0x4 ./Core/Src/system_stm32h7xx.o
                0x24000000                SystemCoreClock
 .data.SystemD2Clock
                0x24000004        0x4 ./Core/Src/system_stm32h7xx.o
                0x24000004                SystemD2Clock
 .data.uwTickPrio
                0x24000008        0x4 ./Drivers/STM32H7xx_HAL_Driver/Src/stm32h7xx_hal.o
                0x24000008                uwTickPrio
 .data.uwTickFreq
                0x2400000c        0x1 ./Drivers/STM32H7xx_HAL_Driver/Src/stm32h7xx_hal.o
                0x2400000c                uwTickFreq
 *(.RamFunc)
 *(.RamFunc*)
                0x24000010                        . = ALIGN (0x4)
 *fill*         0x2400000d        0x3 
                0x24000010                        _edata = .

.igot.plt       0x24000010        0x0 load address 0x0800491c
 .igot.plt      0x24000010        0x0 D:/PROGRAMM/stm32cubeide_2.2.0/STM32CubeIDE/plugins/com.st.stm32cube.ide.mcu.externaltools.gnu-tools-for-stm32.14.3.rel1.win32_1.0.100.202602081740/tools/bin/../lib/gcc/arm-none-eabi/14.3.1/thumb/v7e-m+dp/hard/crtbegin.o
                0x24000010                        . = ALIGN (0x4)

.bss            0x24000010       0xb0 load address 0x0800491c
                0x24000010                        _sbss = .
                0x24000010                        __bss_start__ = _sbss
 *(.bss)
 .bss           0x24000010       0x1c D:/PROGRAMM/stm32cubeide_2.2.0/STM32CubeIDE/plugins/com.st.stm32cube.ide.mcu.externaltools.gnu-tools-for-stm32.14.3.rel1.win32_1.0.100.202602081740/tools/bin/../lib/gcc/arm-none-eabi/14.3.1/thumb/v7e-m+dp/hard/crtbegin.o
 *(.bss*)
 .bss.hspi2     0x2400002c       0x88 ./Core/Src/main.o
                0x2400002c                hspi2
 .bss.lcd_id    0x240000b4        0x3 ./Core/Src/main.o
                0x240000b4                lcd_id
 *fill*         0x240000b7        0x1 
 .bss.tp_x      0x240000b8        0x2 ./Core/Src/main.o
                0x240000b8                tp_x
 .bss.tp_y      0x240000ba        0x2 ./Core/Src/main.o
                0x240000ba                tp_y
 .bss.uwTick    0x240000bc        0x4 ./Drivers/STM32H7xx_HAL_Driver/Src/stm32h7xx_hal.o
                0x240000bc                uwTick
 *(COMMON)
                0x240000c0                        . = ALIGN (0x4)
                0x240000c0                        _ebss = .
                0x240000c0                        __bss_end__ = _ebss

._user_heap_stack
                0x240000c0      0x600 load address 0x0800491c
                0x240000c0                        . = ALIGN (0x8)
                [!provide]                        PROVIDE (end = .)
                0x240000c0                        PROVIDE (_end = .)
                0x240002c0                        . = (. + _Min_Heap_Size)
 *fill*         0x240000c0      0x200 
                0x240006c0                        . = (. + _Min_Stack_Size)
 *fill*         0x240002c0      0x400 
                0x240006c0                        . = ALIGN (0x8)

/DISCARD/
 libc.a(*)
 libm.a(*)
 libgcc.a(*)

.ARM.attributes
                0x00000000       0x2e
 *(.ARM.attributes)
 .ARM.attributes
                0x00000000       0x20 D:/PROGRAMM/stm32cubeide_2.2.0/STM32CubeIDE/plugins/com.st.stm32cube.ide.mcu.externaltools.gnu-tools-for-stm32.14.3.rel1.win32_1.0.100.202602081740/tools/bin/../lib/gcc/arm-none-eabi/14.3.1/thumb/v7e-m+dp/hard/crti.o
 .ARM.attributes
                0x00000020       0x32 D:/PROGRAMM/stm32cubeide_2.2.0/STM32CubeIDE/plugins/com.st.stm32cube.ide.mcu.externaltools.gnu-tools-for-stm32.14.3.rel1.win32_1.0.100.202602081740/tools/bin/../lib/gcc/arm-none-eabi/14.3.1/thumb/v7e-m+dp/hard/crtbegin.o
 .ARM.attributes
                0x00000052       0x32 ./Core/Src/lcd_ili9486.o
 .ARM.attributes
                0x00000084       0x32 ./Core/Src/main.o
 .ARM.attributes
                0x000000b6       0x32 ./Core/Src/stm32h7xx_hal_msp.o
 .ARM.attributes
                0x000000e8       0x32 ./Core/Src/stm32h7xx_it.o
 .ARM.attributes
                0x0000011a       0x32 ./Core/Src/system_stm32h7xx.o
 .ARM.attributes
                0x0000014c       0x21 ./Core/Startup/startup_stm32h723vgtx.o
 .ARM.attributes
                0x0000016d       0x32 ./Drivers/STM32H7xx_HAL_Driver/Src/stm32h7xx_hal.o
 .ARM.attributes
                0x0000019f       0x32 ./Drivers/STM32H7xx_HAL_Driver/Src/stm32h7xx_hal_cortex.o
 .ARM.attributes
                0x000001d1       0x32 ./Drivers/STM32H7xx_HAL_Driver/Src/stm32h7xx_hal_gpio.o
 .ARM.attributes
                0x00000203       0x32 ./Drivers/STM32H7xx_HAL_Driver/Src/stm32h7xx_hal_pwr_ex.o
 .ARM.attributes
                0x00000235       0x32 ./Drivers/STM32H7xx_HAL_Driver/Src/stm32h7xx_hal_rcc.o
 .ARM.attributes
                0x00000267       0x32 ./Drivers/STM32H7xx_HAL_Driver/Src/stm32h7xx_hal_rcc_ex.o
 .ARM.attributes
                0x00000299       0x32 ./Drivers/STM32H7xx_HAL_Driver/Src/stm32h7xx_hal_spi.o
 .ARM.attributes
                0x000002cb       0x32 D:/PROGRAMM/stm32cubeide_2.2.0/STM32CubeIDE/plugins/com.st.stm32cube.ide.mcu.externaltools.gnu-tools-for-stm32.14.3.rel1.win32_1.0.100.202602081740/tools/bin/../lib/gcc/arm-none-eabi/14.3.1/../../../../arm-none-eabi/lib/thumb/v7e-m+dp/hard\libc_nano.a(libc_a-memset.o)
 .ARM.attributes
                0x000002fd       0x32 D:/PROGRAMM/stm32cubeide_2.2.0/STM32CubeIDE/plugins/com.st.stm32cube.ide.mcu.externaltools.gnu-tools-for-stm32.14.3.rel1.win32_1.0.100.202602081740/tools/bin/../lib/gcc/arm-none-eabi/14.3.1/../../../../arm-none-eabi/lib/thumb/v7e-m+dp/hard\libc_nano.a(libc_a-init.o)
 .ARM.attributes
                0x0000032f       0x20 D:/PROGRAMM/stm32cubeide_2.2.0/STM32CubeIDE/plugins/com.st.stm32cube.ide.mcu.externaltools.gnu-tools-for-stm32.14.3.rel1.win32_1.0.100.202602081740/tools/bin/../lib/gcc/arm-none-eabi/14.3.1/thumb/v7e-m+dp/hard/crtn.o
OUTPUT(STM32H723VGT6-Waveshare.elf elf32-littlearm)
LOAD linker stubs
LOAD D:/PROGRAMM/stm32cubeide_2.2.0/STM32CubeIDE/plugins/com.st.stm32cube.ide.mcu.externaltools.gnu-tools-for-stm32.14.3.rel1.win32_1.0.100.202602081740/tools/bin/../lib/gcc/arm-none-eabi/14.3.1/../../../../arm-none-eabi/lib/thumb/v7e-m+dp/hard\libc.a
LOAD D:/PROGRAMM/stm32cubeide_2.2.0/STM32CubeIDE/plugins/com.st.stm32cube.ide.mcu.externaltools.gnu-tools-for-stm32.14.3.rel1.win32_1.0.100.202602081740/tools/bin/../lib/gcc/arm-none-eabi/14.3.1/../../../../arm-none-eabi/lib/thumb/v7e-m+dp/hard\libm.a
LOAD D:/PROGRAMM/stm32cubeide_2.2.0/STM32CubeIDE/plugins/com.st.stm32cube.ide.mcu.externaltools.gnu-tools-for-stm32.14.3.rel1.win32_1.0.100.202602081740/tools/bin/../lib/gcc/arm-none-eabi/14.3.1/thumb/v7e-m+dp/hard\libgcc.a

.debug_info     0x00000000     0xb0a8
 .debug_info    0x00000000      0xb22 ./Core/Src/lcd_ili9486.o
 .debug_info    0x00000b22     0x1255 ./Core/Src/main.o
 .debug_info    0x00001d77     0x105f ./Core/Src/stm32h7xx_hal_msp.o
 .debug_info    0x00002dd6      0x128 ./Core/Src/stm32h7xx_it.o
 .debug_info    0x00002efe      0xbff ./Core/Src/system_stm32h7xx.o
 .debug_info    0x00003afd       0x30 ./Core/Startup/startup_stm32h723vgtx.o
 .debug_info    0x00003b2d     0x1698 ./Drivers/STM32H7xx_HAL_Driver/Src/stm32h7xx_hal.o
 .debug_info    0x000051c5     0x10b2 ./Drivers/STM32H7xx_HAL_Driver/Src/stm32h7xx_hal_cortex.o
 .debug_info    0x00006277      0xc6b ./Drivers/STM32H7xx_HAL_Driver/Src/stm32h7xx_hal_gpio.o
 .debug_info    0x00006ee2      0xddb ./Drivers/STM32H7xx_HAL_Driver/Src/stm32h7xx_hal_pwr_ex.o
 .debug_info    0x00007cbd      0xd8c ./Drivers/STM32H7xx_HAL_Driver/Src/stm32h7xx_hal_rcc.o
 .debug_info    0x00008a49     0x120b ./Drivers/STM32H7xx_HAL_Driver/Src/stm32h7xx_hal_rcc_ex.o
 .debug_info    0x00009c54     0x1454 ./Drivers/STM32H7xx_HAL_Driver/Src/stm32h7xx_hal_spi.o

.debug_abbrev   0x00000000     0x1b33
 .debug_abbrev  0x00000000      0x234 ./Core/Src/lcd_ili9486.o
 .debug_abbrev  0x00000234      0x2ca ./Core/Src/main.o
 .debug_abbrev  0x000004fe      0x206 ./Core/Src/stm32h7xx_hal_msp.o
 .debug_abbrev  0x00000704       0x73 ./Core/Src/stm32h7xx_it.o
 .debug_abbrev  0x00000777      0x153 ./Core/Src/system_stm32h7xx.o
 .debug_abbrev  0x000008ca       0x24 ./Core/Startup/startup_stm32h723vgtx.o
 .debug_abbrev  0x000008ee      0x29e ./Drivers/STM32H7xx_HAL_Driver/Src/stm32h7xx_hal.o
 .debug_abbrev  0x00000b8c      0x339 ./Drivers/STM32H7xx_HAL_Driver/Src/stm32h7xx_hal_cortex.o
 .debug_abbrev  0x00000ec5      0x205 ./Drivers/STM32H7xx_HAL_Driver/Src/stm32h7xx_hal_gpio.o
 .debug_abbrev  0x000010ca      0x295 ./Drivers/STM32H7xx_HAL_Driver/Src/stm32h7xx_hal_pwr_ex.o
 .debug_abbrev  0x0000135f      0x2b1 ./Drivers/STM32H7xx_HAL_Driver/Src/stm32h7xx_hal_rcc.o
 .debug_abbrev  0x00001610      0x269 ./Drivers/STM32H7xx_HAL_Driver/Src/stm32h7xx_hal_rcc_ex.o
 .debug_abbrev  0x00001879      0x2ba ./Drivers/STM32H7xx_HAL_Driver/Src/stm32h7xx_hal_spi.o

.debug_aranges  0x00000000      0x960
 .debug_aranges
                0x00000000       0x70 ./Core/Src/lcd_ili9486.o
 .debug_aranges
                0x00000070       0x48 ./Core/Src/main.o
 .debug_aranges
                0x000000b8       0x30 ./Core/Src/stm32h7xx_hal_msp.o
 .debug_aranges
                0x000000e8       0x60 ./Core/Src/stm32h7xx_it.o
 .debug_aranges
                0x00000148       0x30 ./Core/Src/system_stm32h7xx.o
 .debug_aranges
                0x00000178       0x28 ./Core/Startup/startup_stm32h723vgtx.o
 .debug_aranges
                0x000001a0      0x1c8 ./Drivers/STM32H7xx_HAL_Driver/Src/stm32h7xx_hal.o
 .debug_aranges
                0x00000368      0x130 ./Drivers/STM32H7xx_HAL_Driver/Src/stm32h7xx_hal_cortex.o
 .debug_aranges
                0x00000498       0x58 ./Drivers/STM32H7xx_HAL_Driver/Src/stm32h7xx_hal_gpio.o
 .debug_aranges
                0x000004f0      0x148 ./Drivers/STM32H7xx_HAL_Driver/Src/stm32h7xx_hal_pwr_ex.o
 .debug_aranges
                0x00000638       0x88 ./Drivers/STM32H7xx_HAL_Driver/Src/stm32h7xx_hal_rcc.o
 .debug_aranges
                0x000006c0       0xf8 ./Drivers/STM32H7xx_HAL_Driver/Src/stm32h7xx_hal_rcc_ex.o
 .debug_aranges
                0x000007b8      0x1a8 ./Drivers/STM32H7xx_HAL_Driver/Src/stm32h7xx_hal_spi.o

.debug_rnglists
                0x00000000      0x6fd
 .debug_rnglists
                0x00000000       0x53 ./Core/Src/lcd_ili9486.o
 .debug_rnglists
                0x00000053       0x34 ./Core/Src/main.o
 .debug_rnglists
                0x00000087       0x20 ./Core/Src/stm32h7xx_hal_msp.o
 .debug_rnglists
                0x000000a7       0x43 ./Core/Src/stm32h7xx_it.o
 .debug_rnglists
                0x000000ea       0x21 ./Core/Src/system_stm32h7xx.o
 .debug_rnglists
                0x0000010b       0x19 ./Core/Startup/startup_stm32h723vgtx.o
 .debug_rnglists
                0x00000124      0x155 ./Drivers/STM32H7xx_HAL_Driver/Src/stm32h7xx_hal.o
 .debug_rnglists
                0x00000279       0xe0 ./Drivers/STM32H7xx_HAL_Driver/Src/stm32h7xx_hal_cortex.o
 .debug_rnglists
                0x00000359       0x3f ./Drivers/STM32H7xx_HAL_Driver/Src/stm32h7xx_hal_gpio.o
 .debug_rnglists
                0x00000398       0xf5 ./Drivers/STM32H7xx_HAL_Driver/Src/stm32h7xx_hal_pwr_ex.o
 .debug_rnglists
                0x0000048d       0x68 ./Drivers/STM32H7xx_HAL_Driver/Src/stm32h7xx_hal_rcc.o
 .debug_rnglists
                0x000004f5       0xc0 ./Drivers/STM32H7xx_HAL_Driver/Src/stm32h7xx_hal_rcc_ex.o
 .debug_rnglists
                0x000005b5      0x148 ./Drivers/STM32H7xx_HAL_Driver/Src/stm32h7xx_hal_spi.o

.debug_macro    0x00000000    0x3151f
 .debug_macro   0x00000000      0x2c4 ./Core/Src/lcd_ili9486.o
 .debug_macro   0x000002c4      0xaf6 ./Core/Src/lcd_ili9486.o
 .debug_macro   0x00000dba      0x232 ./Core/Src/lcd_ili9486.o
 .debug_macro   0x00000fec       0x2e ./Core/Src/lcd_ili9486.o
 .debug_macro   0x0000101a       0x3b ./Core/Src/lcd_ili9486.o
 .debug_macro   0x00001055       0x22 ./Core/Src/lcd_ili9486.o
 .debug_macro   0x00001077       0x8e ./Core/Src/lcd_ili9486.o
 .debug_macro   0x00001105       0x51 ./Core/Src/lcd_ili9486.o
 .debug_macro   0x00001156      0x103 ./Core/Src/lcd_ili9486.o
 .debug_macro   0x00001259       0x6a ./Core/Src/lcd_ili9486.o
 .debug_macro   0x000012c3      0x1df ./Core/Src/lcd_ili9486.o
 .debug_macro   0x000014a2       0x1c ./Core/Src/lcd_ili9486.o
 .debug_macro   0x000014be       0x22 ./Core/Src/lcd_ili9486.o
 .debug_macro   0x000014e0       0xfb ./Core/Src/lcd_ili9486.o
 .debug_macro   0x000015db     0x1313 ./Core/Src/lcd_ili9486.o
 .debug_macro   0x000028ee      0x11f ./Core/Src/lcd_ili9486.o
 .debug_macro   0x00002a0d       0x22 ./Core/Src/lcd_ili9486.o
 .debug_macro   0x00002a2f    0x216c1 ./Core/Src/lcd_ili9486.o
 .debug_macro   0x000240f0       0x6d ./Core/Src/lcd_ili9486.o
 .debug_macro   0x0002415d     0x3d64 ./Core/Src/lcd_ili9486.o
 .debug_macro   0x00027ec1      0x190 ./Core/Src/lcd_ili9486.o
 .debug_macro   0x00028051       0x61 ./Core/Src/lcd_ili9486.o
 .debug_macro   0x000280b2       0x29 ./Core/Src/lcd_ili9486.o
 .debug_macro   0x000280db       0x43 ./Core/Src/lcd_ili9486.o
 .debug_macro   0x0002811e       0x34 ./Core/Src/lcd_ili9486.o
 .debug_macro   0x00028152      0x364 ./Core/Src/lcd_ili9486.o
 .debug_macro   0x000284b6       0x16 ./Core/Src/lcd_ili9486.o
 .debug_macro   0x000284cc       0x4a ./Core/Src/lcd_ili9486.o
 .debug_macro   0x00028516       0x34 ./Core/Src/lcd_ili9486.o
 .debug_macro   0x0002854a       0x10 ./Core/Src/lcd_ili9486.o
 .debug_macro   0x0002855a       0x58 ./Core/Src/lcd_ili9486.o
 .debug_macro   0x000285b2       0x8e ./Core/Src/lcd_ili9486.o
 .debug_macro   0x00028640       0x1c ./Core/Src/lcd_ili9486.o
 .debug_macro   0x0002865c      0x17e ./Core/Src/lcd_ili9486.o
 .debug_macro   0x000287da      0x19b ./Core/Src/lcd_ili9486.o
 .debug_macro   0x00028975       0x5d ./Core/Src/lcd_ili9486.o
 .debug_macro   0x000289d2     0x2462 ./Core/Src/lcd_ili9486.o
 .debug_macro   0x0002ae34     0x1079 ./Core/Src/lcd_ili9486.o
 .debug_macro   0x0002bead      0x154 ./Core/Src/lcd_ili9486.o
 .debug_macro   0x0002c001      0x114 ./Core/Src/lcd_ili9486.o
 .debug_macro   0x0002c115      0x3fc ./Core/Src/lcd_ili9486.o
 .debug_macro   0x0002c511       0xac ./Core/Src/lcd_ili9486.o
 .debug_macro   0x0002c5bd      0x788 ./Core/Src/lcd_ili9486.o
 .debug_macro   0x0002cd45      0x228 ./Core/Src/lcd_ili9486.o
 .debug_macro   0x0002cf6d       0x66 ./Core/Src/lcd_ili9486.o
 .debug_macro   0x0002cfd3      0x3a6 ./Core/Src/lcd_ili9486.o
 .debug_macro   0x0002d379      0x3f9 ./Core/Src/lcd_ili9486.o
 .debug_macro   0x0002d772      0x275 ./Core/Src/lcd_ili9486.o
 .debug_macro   0x0002d9e7      0x3ca ./Core/Src/lcd_ili9486.o
 .debug_macro   0x0002ddb1      0x45c ./Core/Src/lcd_ili9486.o
 .debug_macro   0x0002e20d       0x3c ./Core/Src/lcd_ili9486.o
 .debug_macro   0x0002e249       0x4a ./Core/Src/lcd_ili9486.o
 .debug_macro   0x0002e293      0x22c ./Core/Src/lcd_ili9486.o
 .debug_macro   0x0002e4bf       0x67 ./Core/Src/lcd_ili9486.o
 .debug_macro   0x0002e526       0xa5 ./Core/Src/lcd_ili9486.o
 .debug_macro   0x0002e5cb      0x1c4 ./Core/Src/lcd_ili9486.o
 .debug_macro   0x0002e78f      0x22a ./Core/Src/lcd_ili9486.o
 .debug_macro   0x0002e9b9       0x35 ./Core/Src/lcd_ili9486.o
 .debug_macro   0x0002e9ee      0x5e4 ./Core/Src/lcd_ili9486.o
 .debug_macro   0x0002efd2       0xc1 ./Core/Src/lcd_ili9486.o
 .debug_macro   0x0002f093      0x5f2 ./Core/Src/lcd_ili9486.o
 .debug_macro   0x0002f685       0x4c ./Core/Src/lcd_ili9486.o
 .debug_macro   0x0002f6d1       0x2e ./Core/Src/lcd_ili9486.o
 .debug_macro   0x0002f6ff      0x2c8 ./Core/Src/main.o
 .debug_macro   0x0002f9c7      0x2b5 ./Core/Src/stm32h7xx_hal_msp.o
 .debug_macro   0x0002fc7c      0x2bf ./Core/Src/stm32h7xx_it.o
 .debug_macro   0x0002ff3b      0x2a6 ./Core/Src/system_stm32h7xx.o
 .debug_macro   0x000301e1      0x2d0 ./Drivers/STM32H7xx_HAL_Driver/Src/stm32h7xx_hal.o
 .debug_macro   0x000304b1      0x2a6 ./Drivers/STM32H7xx_HAL_Driver/Src/stm32h7xx_hal_cortex.o
 .debug_macro   0x00030757      0x2ad ./Drivers/STM32H7xx_HAL_Driver/Src/stm32h7xx_hal_gpio.o
 .debug_macro   0x00030a04      0x2df ./Drivers/STM32H7xx_HAL_Driver/Src/stm32h7xx_hal_pwr_ex.o
 .debug_macro   0x00030ce3      0x2ca ./Drivers/STM32H7xx_HAL_Driver/Src/stm32h7xx_hal_rcc.o
 .debug_macro   0x00030fad      0x2c4 ./Drivers/STM32H7xx_HAL_Driver/Src/stm32h7xx_hal_rcc_ex.o
 .debug_macro   0x00031271      0x2ae ./Drivers/STM32H7xx_HAL_Driver/Src/stm32h7xx_hal_spi.o

.debug_line     0x00000000     0xcd48
 .debug_line    0x00000000      0xd75 ./Core/Src/lcd_ili9486.o
 .debug_line    0x00000d75      0xb17 ./Core/Src/main.o
 .debug_line    0x0000188c      0x9f7 ./Core/Src/stm32h7xx_hal_msp.o
 .debug_line    0x00002283      0xa44 ./Core/Src/stm32h7xx_it.o
 .debug_line    0x00002cc7      0xb92 ./Core/Src/system_stm32h7xx.o
 .debug_line    0x00003859       0x7b ./Core/Startup/startup_stm32h723vgtx.o
 .debug_line    0x000038d4     0x1001 ./Drivers/STM32H7xx_HAL_Driver/Src/stm32h7xx_hal.o
 .debug_line    0x000048d5      0xf53 ./Drivers/STM32H7xx_HAL_Driver/Src/stm32h7xx_hal_cortex.o
 .debug_line    0x00005828      0xdf2 ./Drivers/STM32H7xx_HAL_Driver/Src/stm32h7xx_hal_gpio.o
 .debug_line    0x0000661a     0x103c ./Drivers/STM32H7xx_HAL_Driver/Src/stm32h7xx_hal_pwr_ex.o
 .debug_line    0x00007656     0x157b ./Drivers/STM32H7xx_HAL_Driver/Src/stm32h7xx_hal_rcc.o
 .debug_line    0x00008bd1     0x1e2f ./Drivers/STM32H7xx_HAL_Driver/Src/stm32h7xx_hal_rcc_ex.o
 .debug_line    0x0000aa00     0x2348 ./Drivers/STM32H7xx_HAL_Driver/Src/stm32h7xx_hal_spi.o

.debug_str      0x00000000   0x13d320
 .debug_str     0x00000000   0x13d320 ./Core/Src/lcd_ili9486.o
                             0x13a262 (size before relaxing)
 .debug_str     0x0013d320   0x13a777 ./Core/Src/main.o
 .debug_str     0x0013d320   0x13a6c6 ./Core/Src/stm32h7xx_hal_msp.o
 .debug_str     0x0013d320   0x139aef ./Core/Src/stm32h7xx_it.o
 .debug_str     0x0013d320   0x139e69 ./Core/Src/system_stm32h7xx.o
 .debug_str     0x0013d320       0xcf ./Core/Startup/startup_stm32h723vgtx.o
 .debug_str     0x0013d320   0x13aead ./Drivers/STM32H7xx_HAL_Driver/Src/stm32h7xx_hal.o
 .debug_str     0x0013d320   0x13a7ce ./Drivers/STM32H7xx_HAL_Driver/Src/stm32h7xx_hal_cortex.o
 .debug_str     0x0013d320   0x139e6e ./Drivers/STM32H7xx_HAL_Driver/Src/stm32h7xx_hal_gpio.o
 .debug_str     0x0013d320   0x13a27d ./Drivers/STM32H7xx_HAL_Driver/Src/stm32h7xx_hal_pwr_ex.o
 .debug_str     0x0013d320   0x13a1f1 ./Drivers/STM32H7xx_HAL_Driver/Src/stm32h7xx_hal_rcc.o
 .debug_str     0x0013d320   0x13a709 ./Drivers/STM32H7xx_HAL_Driver/Src/stm32h7xx_hal_rcc_ex.o
 .debug_str     0x0013d320   0x13a574 ./Drivers/STM32H7xx_HAL_Driver/Src/stm32h7xx_hal_spi.o

.comment        0x00000000       0x43
 .comment       0x00000000       0x43 ./Core/Src/lcd_ili9486.o
                                 0x44 (size before relaxing)
 .comment       0x00000043       0x44 ./Core/Src/main.o
 .comment       0x00000043       0x44 ./Core/Src/stm32h7xx_hal_msp.o
 .comment       0x00000043       0x44 ./Core/Src/stm32h7xx_it.o
 .comment       0x00000043       0x44 ./Core/Src/system_stm32h7xx.o
 .comment       0x00000043       0x44 ./Drivers/STM32H7xx_HAL_Driver/Src/stm32h7xx_hal.o
 .comment       0x00000043       0x44 ./Drivers/STM32H7xx_HAL_Driver/Src/stm32h7xx_hal_cortex.o
 .comment       0x00000043       0x44 ./Drivers/STM32H7xx_HAL_Driver/Src/stm32h7xx_hal_gpio.o
 .comment       0x00000043       0x44 ./Drivers/STM32H7xx_HAL_Driver/Src/stm32h7xx_hal_pwr_ex.o
 .comment       0x00000043       0x44 ./Drivers/STM32H7xx_HAL_Driver/Src/stm32h7xx_hal_rcc.o
 .comment       0x00000043       0x44 ./Drivers/STM32H7xx_HAL_Driver/Src/stm32h7xx_hal_rcc_ex.o
 .comment       0x00000043       0x44 ./Drivers/STM32H7xx_HAL_Driver/Src/stm32h7xx_hal_spi.o

.debug_frame    0x00000000     0x22b0
 .debug_frame   0x00000000      0x17c ./Core/Src/lcd_ili9486.o
 .debug_frame   0x0000017c       0xcc ./Core/Src/main.o
 .debug_frame   0x00000248       0x80 ./Core/Src/stm32h7xx_hal_msp.o
 .debug_frame   0x000002c8       0xf8 ./Core/Src/stm32h7xx_it.o
 .debug_frame   0x000003c0       0x60 ./Core/Src/system_stm32h7xx.o
 .debug_frame   0x00000420      0x6a0 ./Drivers/STM32H7xx_HAL_Driver/Src/stm32h7xx_hal.o
 .debug_frame   0x00000ac0      0x4b8 ./Drivers/STM32H7xx_HAL_Driver/Src/stm32h7xx_hal_cortex.o
 .debug_frame   0x00000f78      0x130 ./Drivers/STM32H7xx_HAL_Driver/Src/stm32h7xx_hal_gpio.o
 .debug_frame   0x000010a8      0x4c8 ./Drivers/STM32H7xx_HAL_Driver/Src/stm32h7xx_hal_pwr_ex.o
 .debug_frame   0x00001570      0x1e4 ./Drivers/STM32H7xx_HAL_Driver/Src/stm32h7xx_hal_rcc.o
 .debug_frame   0x00001754      0x3d4 ./Drivers/STM32H7xx_HAL_Driver/Src/stm32h7xx_hal_rcc_ex.o
 .debug_frame   0x00001b28      0x73c ./Drivers/STM32H7xx_HAL_Driver/Src/stm32h7xx_hal_spi.o
 .debug_frame   0x00002264       0x20 D:/PROGRAMM/stm32cubeide_2.2.0/STM32CubeIDE/plugins/com.st.stm32cube.ide.mcu.externaltools.gnu-tools-for-stm32.14.3.rel1.win32_1.0.100.202602081740/tools/bin/../lib/gcc/arm-none-eabi/14.3.1/../../../../arm-none-eabi/lib/thumb/v7e-m+dp/hard\libc_nano.a(libc_a-memset.o)
 .debug_frame   0x00002284       0x2c D:/PROGRAMM/stm32cubeide_2.2.0/STM32CubeIDE/plugins/com.st.stm32cube.ide.mcu.externaltools.gnu-tools-for-stm32.14.3.rel1.win32_1.0.100.202602081740/tools/bin/../lib/gcc/arm-none-eabi/14.3.1/../../../../arm-none-eabi/lib/thumb/v7e-m+dp/hard\libc_nano.a(libc_a-init.o)

.debug_line_str
                0x00000000       0xb3
 .debug_line_str
                0x00000000       0xb3 ./Core/Startup/startup_stm32h723vgtx.o
