../Core/Src/main.c:57:13:LCD_WriteCmd	1
../Core/Src/main.c:64:13:LCD_WriteData	1
../Core/Src/main.c:71:13:LCD_WriteData8	1
../Core/Src/main.c:73:13:ST7735_Init	1
../Core/Src/main.c:110:13:ST7735_SetAddrWindow	1
../Core/Src/main.c:122:13:ST7735_FillScreen	3
../Core/Src/main.c:142:13:ST7735_DrawChar	5
../Core/Src/main.c:179:5:main	2
../Core/Src/main.c:235:6:SystemClock_Config	4
../Core/Src/main.c:295:13:MX_SPI4_Init	2
../Core/Src/main.c:343:13:MX_GPIO_Init	1
../Core/Src/main.c:375:6:MPU_Config	1
../Core/Src/main.c:406:6:Error_Handler	1
