../Core/Src/main.c:60:13:LCD_WriteCmd	16	static
../Core/Src/main.c:67:6:LCD_WriteData	16	static
../Core/Src/main.c:74:13:LCD_WriteData8	16	static
../Core/Src/main.c:76:13:ST7735_Init	24	static
../Core/Src/main.c:113:6:ST7735_SetAddrWindow	32	static
../Core/Src/main.c:146:5:main	8	static
../Core/Src/main.c:197:6:SystemClock_Config	120	static
../Core/Src/main.c:257:13:MX_CRC_Init	8	static
../Core/Src/main.c:288:13:MX_SPI4_Init	8	static
../Core/Src/main.c:336:13:MX_GPIO_Init	40	static
../Core/Src/main.c:376:6:MPU_Config	24	static
../Core/Src/main.c:407:6:Error_Handler	4	static,ignoring_inline_asm
