../Core/Src/main.c:57:13:LCD_WriteCmd	16	static
../Core/Src/main.c:64:13:LCD_WriteData	16	static
../Core/Src/main.c:71:13:LCD_WriteData8	16	static
../Core/Src/main.c:73:13:ST7735_Init	24	static
../Core/Src/main.c:110:13:ST7735_SetAddrWindow	32	static
../Core/Src/main.c:122:13:ST7735_FillScreen	352	static
../Core/Src/main.c:142:13:ST7735_DrawChar	40	static
../Core/Src/main.c:179:5:main	32	static
../Core/Src/main.c:235:6:SystemClock_Config	120	static
../Core/Src/main.c:295:13:MX_SPI4_Init	8	static
../Core/Src/main.c:343:13:MX_GPIO_Init	40	static
../Core/Src/main.c:375:6:MPU_Config	24	static
../Core/Src/main.c:406:6:Error_Handler	4	static,ignoring_inline_asm
