Component: ARM Compiler 5.06 update 7 (build 960) Tool: armlink [4d3601]

==============================================================================

Section Cross References

    spi.o(i.HAL_SPI_MspDeInit) refers to stm32f1xx_hal_gpio.o(i.HAL_GPIO_DeInit) for HAL_GPIO_DeInit
    spi.o(i.HAL_SPI_MspInit) refers to stm32f1xx_hal_gpio.o(i.HAL_GPIO_Init) for HAL_GPIO_Init
    spi.o(i.MX_SPI1_Init) refers to stm32f1xx_hal_spi_ex.o(i.HAL_SPI_Init) for HAL_SPI_Init
    spi.o(i.MX_SPI1_Init) refers to main.o(i._Error_Handler) for _Error_Handler
    spi.o(i.MX_SPI1_Init) refers to spi.o(.bss) for .bss
    usart.o(i.HAL_UART_MspDeInit) refers to stm32f1xx_hal_gpio.o(i.HAL_GPIO_DeInit) for HAL_GPIO_DeInit
    usart.o(i.HAL_UART_MspInit) refers to stm32f1xx_hal_gpio.o(i.HAL_GPIO_Init) for HAL_GPIO_Init
    usart.o(i.MX_USART2_UART_Init) refers to stm32f1xx_hal_uart.o(i.HAL_UART_Init) for HAL_UART_Init
    usart.o(i.MX_USART2_UART_Init) refers to main.o(i._Error_Handler) for _Error_Handler
    usart.o(i.MX_USART2_UART_Init) refers to usart.o(.bss) for .bss
    usart.o(i.fputc) refers to stm32f1xx_hal_uart.o(i.HAL_UART_Transmit) for HAL_UART_Transmit
    usart.o(i.fputc) refers to usart.o(.bss) for .bss
    stm32f1xx_hal_msp.o(i.HAL_MspInit) refers to stm32f1xx_hal_cortex.o(i.HAL_NVIC_SetPriorityGrouping) for HAL_NVIC_SetPriorityGrouping
    stm32f1xx_hal_msp.o(i.HAL_MspInit) refers to stm32f1xx_hal_cortex.o(i.HAL_NVIC_SetPriority) for HAL_NVIC_SetPriority
    main.o(i.SystemClock_Config) refers to stm32f1xx_hal_rcc.o(i.HAL_RCC_OscConfig) for HAL_RCC_OscConfig
    main.o(i.SystemClock_Config) refers to stm32f1xx_hal_rcc.o(i.HAL_RCC_ClockConfig) for HAL_RCC_ClockConfig
    main.o(i.SystemClock_Config) refers to stm32f1xx_hal_rcc.o(i.HAL_RCC_GetHCLKFreq) for HAL_RCC_GetHCLKFreq
    main.o(i.SystemClock_Config) refers to stm32f1xx_hal_cortex.o(i.HAL_SYSTICK_Config) for HAL_SYSTICK_Config
    main.o(i.SystemClock_Config) refers to stm32f1xx_hal_cortex.o(i.HAL_SYSTICK_CLKSourceConfig) for HAL_SYSTICK_CLKSourceConfig
    main.o(i.SystemClock_Config) refers to stm32f1xx_hal_cortex.o(i.HAL_NVIC_SetPriority) for HAL_NVIC_SetPriority
    main.o(i.main) refers to stm32f1xx_hal.o(i.HAL_Init) for HAL_Init
    main.o(i.main) refers to main.o(i.SystemClock_Config) for SystemClock_Config
    main.o(i.main) refers to gpio.o(i.MX_GPIO_Init) for MX_GPIO_Init
    main.o(i.main) refers to spi.o(i.MX_SPI1_Init) for MX_SPI1_Init
    main.o(i.main) refers to usart.o(i.MX_USART2_UART_Init) for MX_USART2_UART_Init
    main.o(i.main) refers to tim.o(i.MX_TIM3_Init) for MX_TIM3_Init
    main.o(i.main) refers to printfa.o(i.__0printf) for __2printf
    main.o(i.main) refers to dev_config.o(i.System_Init) for System_Init
    main.o(i.main) refers to lcd_bmp.o(i.SD_Init) for SD_Init
    main.o(i.main) refers to lcd_driver.o(i.LCD_Init) for LCD_Init
    main.o(i.main) refers to lcd_touch.o(i.TP_Init) for TP_Init
    main.o(i.main) refers to lcd_gui.o(i.GUI_Show) for GUI_Show
    main.o(i.main) refers to dev_config.o(i.Driver_Delay_ms) for Driver_Delay_ms
    main.o(i.main) refers to lcd_bmp.o(i.LCD_Show_bmp) for LCD_Show_bmp
    main.o(i.main) refers to lcd_touch.o(i.TP_GetAdFac) for TP_GetAdFac
    main.o(i.main) refers to lcd_touch.o(i.TP_Dialog) for TP_Dialog
    main.o(i.main) refers to lcd_touch.o(i.TP_DrawBoard) for TP_DrawBoard
    gpio.o(i.MX_GPIO_Init) refers to stm32f1xx_hal_gpio.o(i.HAL_GPIO_WritePin) for HAL_GPIO_WritePin
    gpio.o(i.MX_GPIO_Init) refers to stm32f1xx_hal_gpio.o(i.HAL_GPIO_Init) for HAL_GPIO_Init
    stm32f1xx_it.o(i.SysTick_Handler) refers to stm32f1xx_hal.o(i.HAL_IncTick) for HAL_IncTick
    stm32f1xx_it.o(i.SysTick_Handler) refers to stm32f1xx_hal_cortex.o(i.HAL_SYSTICK_IRQHandler) for HAL_SYSTICK_IRQHandler
    tim.o(i.HAL_TIM_MspPostInit) refers to stm32f1xx_hal_gpio.o(i.HAL_GPIO_Init) for HAL_GPIO_Init
    tim.o(i.MX_TIM3_Init) refers to stm32f1xx_hal_tim.o(i.HAL_TIM_PWM_Init) for HAL_TIM_PWM_Init
    tim.o(i.MX_TIM3_Init) refers to main.o(i._Error_Handler) for _Error_Handler
    tim.o(i.MX_TIM3_Init) refers to stm32f1xx_hal_tim_ex.o(i.HAL_TIMEx_MasterConfigSynchronization) for HAL_TIMEx_MasterConfigSynchronization
    tim.o(i.MX_TIM3_Init) refers to stm32f1xx_hal_tim.o(i.HAL_TIM_PWM_ConfigChannel) for HAL_TIM_PWM_ConfigChannel
    tim.o(i.MX_TIM3_Init) refers to tim.o(i.HAL_TIM_MspPostInit) for HAL_TIM_MspPostInit
    tim.o(i.MX_TIM3_Init) refers to tim.o(.bss) for .bss
    stm32f1xx_hal_tim.o(i.HAL_TIM_Base_DeInit) refers to stm32f1xx_hal_tim.o(i.HAL_TIM_Base_MspDeInit) for HAL_TIM_Base_MspDeInit
    stm32f1xx_hal_tim.o(i.HAL_TIM_Base_Init) refers to stm32f1xx_hal_tim.o(i.HAL_TIM_Base_MspInit) for HAL_TIM_Base_MspInit
    stm32f1xx_hal_tim.o(i.HAL_TIM_Base_Init) refers to stm32f1xx_hal_tim.o(i.TIM_Base_SetConfig) for TIM_Base_SetConfig
    stm32f1xx_hal_tim.o(i.HAL_TIM_Base_Start_DMA) refers to stm32f1xx_hal_dma.o(i.HAL_DMA_Start_IT) for HAL_DMA_Start_IT
[...]
    .ARM.Collect$$$$0000000F                 0x08000100   Section        0  entry10a.o(.ARM.Collect$$$$0000000F)
    .ARM.Collect$$$$00000011                 0x08000100   Section        0  entry11a.o(.ARM.Collect$$$$00000011)
    .ARM.Collect$$$$00002712                 0x08000100   Section        4  entry2.o(.ARM.Collect$$$$00002712)
    __lit__00000000                          0x08000100   Data           4  entry2.o(.ARM.Collect$$$$00002712)
    .text                                    0x08000104   Section       36  startup_stm32f103xb.o(.text)
    .text                                    0x08000128   Section        0  llushr.o(.text)
    .text                                    0x08000148   Section        0  memseta.o(.text)
    .text                                    0x0800016c   Section        0  strlen.o(.text)
    .text                                    0x0800017a   Section        0  fadd.o(.text)
    .text                                    0x0800022a   Section        0  fmul.o(.text)
    .text                                    0x0800028e   Section        0  fdiv.o(.text)
    .text                                    0x0800030a   Section        0  fscalb.o(.text)
    .text                                    0x08000322   Section        0  fflti.o(.text)
    .text                                    0x08000334   Section        0  ffltui.o(.text)
    .text                                    0x0800033e   Section        0  dfltui.o(.text)
    .text                                    0x08000358   Section        0  ffixi.o(.text)
    .text                                    0x0800038a   Section        0  ffixui.o(.text)
    .text                                    0x080003b2   Section        0  dfixui.o(.text)
    .text                                    0x080003e4   Section        0  f2d.o(.text)
    .text                                    0x0800040a   Section        0  uidiv.o(.text)
    .text                                    0x08000436   Section        0  uldiv.o(.text)
    .text                                    0x08000498   Section        0  fepilogue.o(.text)
    .text                                    0x08000498   Section        0  iusefp.o(.text)
    .text                                    0x08000506   Section        0  depilogue.o(.text)
    .text                                    0x080005c0   Section        0  dadd.o(.text)
    .text                                    0x0800070e   Section        0  dmul.o(.text)
    .text                                    0x080007f2   Section        0  ddiv.o(.text)
    .text                                    0x080008d0   Section        0  dsqrt.o(.text)
    .text                                    0x08000972   Section        0  dfixul.o(.text)
    .text                                    0x080009a4   Section       48  cdrcmple.o(.text)
    .text                                    0x080009d4   Section       36  init.o(.text)
    .text                                    0x080009f8   Section        0  llshl.o(.text)
    .text                                    0x08000a16   Section        0  llsshr.o(.text)
    i.BusFault_Handler                       0x08000a3a   Section        0  stm32f1xx_it.o(i.BusFault_Handler)
    i.DebugMon_Handler                       0x08000a3c   Section        0  stm32f1xx_it.o(i.DebugMon_Handler)
    i.Driver_Delay_ms                        0x08000a3e   Section        0  dev_config.o(i.Driver_Delay_ms)
    i.Driver_Delay_us                        0x08000a42   Section        0  dev_config.o(i.Driver_Delay_us)
    i.GUI_DisChar                            0x08000a4c   Section        0  lcd_gui.o(i.GUI_DisChar)
    i.GUI_DisNum                             0x08000b50   Section        0  lcd_gui.o(i.GUI_DisNum)
    i.GUI_DisString_EN                       0x08000c20   Section        0  lcd_gui.o(i.GUI_DisString_EN)
    i.GUI_DrawCircle                         0x08000c9c   Section        0  lcd_gui.o(i.GUI_DrawCircle)
    i.GUI_DrawLine                           0x08000ef4   Section        0  lcd_gui.o(i.GUI_DrawLine)
    i.GUI_DrawPoint                          0x08001004   Section        0  lcd_gui.o(i.GUI_DrawPoint)
    i.GUI_DrawRectangle                      0x080010e0   Section        0  lcd_gui.o(i.GUI_DrawRectangle)
    i.GUI_Show                               0x080011b0   Section        0  lcd_gui.o(i.GUI_Show)
    i.HAL_Delay                              0x08001600   Section        0  stm32f1xx_hal.o(i.HAL_Delay)
    i.HAL_GPIO_Init                          0x0800161c   Section        0  stm32f1xx_hal_gpio.o(i.HAL_GPIO_Init)
    i.HAL_GPIO_ReadPin                       0x080017d8   Section        0  stm32f1xx_hal_gpio.o(i.HAL_GPIO_ReadPin)
    i.HAL_GPIO_WritePin                      0x080017e2   Section        0  stm32f1xx_hal_gpio.o(i.HAL_GPIO_WritePin)
    i.HAL_GetTick                            0x080017ec   Section        0  stm32f1xx_hal.o(i.HAL_GetTick)
    i.HAL_IncTick                            0x080017f8   Section        0  stm32f1xx_hal.o(i.HAL_IncTick)
    i.HAL_Init                               0x08001808   Section        0  stm32f1xx_hal.o(i.HAL_Init)
    i.HAL_InitTick                           0x0800182c   Section        0  stm32f1xx_hal.o(i.HAL_InitTick)
    i.HAL_MspInit                            0x08001854   Section        0  stm32f1xx_hal_msp.o(i.HAL_MspInit)
    i.HAL_NVIC_SetPriority                   0x080018d8   Section        0  stm32f1xx_hal_cortex.o(i.HAL_NVIC_SetPriority)
    i.HAL_NVIC_SetPriorityGrouping           0x08001918   Section        0  stm32f1xx_hal_cortex.o(i.HAL_NVIC_SetPriorityGrouping)
    i.HAL_RCC_ClockConfig                    0x0800193c   Section        0  stm32f1xx_hal_rcc.o(i.HAL_RCC_ClockConfig)
    i.HAL_RCC_GetHCLKFreq                    0x08001a90   Section        0  stm32f1xx_hal_rcc.o(i.HAL_RCC_GetHCLKFreq)
    i.HAL_RCC_GetPCLK1Freq                   0x08001a9c   Section        0  stm32f1xx_hal_rcc.o(i.HAL_RCC_GetPCLK1Freq)
    i.HAL_RCC_GetPCLK2Freq                   0x08001abc   Section        0  stm32f1xx_hal_rcc.o(i.HAL_RCC_GetPCLK2Freq)
    i.HAL_RCC_GetSysClockFreq                0x08001adc   Section        0  stm32f1xx_hal_rcc.o(i.HAL_RCC_GetSysClockFreq)
    i.HAL_RCC_OscConfig                      0x08001b48   Section        0  stm32f1xx_hal_rcc.o(i.HAL_RCC_OscConfig)
    i.HAL_SPI_Init                           0x08001e4c   Section        0  stm32f1xx_hal_spi_ex.o(i.HAL_SPI_Init)
    i.HAL_SPI_MspInit                        0x08001ed0   Section        0  spi.o(i.HAL_SPI_MspInit)
    i.HAL_SYSTICK_CLKSourceConfig            0x08001f28   Section        0  stm32f1xx_hal_cortex.o(i.HAL_SYSTICK_CLKSourceConfig)
    i.HAL_SYSTICK_Callback                   0x08001f40   Section        0  stm32f1xx_hal_cortex.o(i.HAL_SYSTICK_Callback)
    i.HAL_SYSTICK_Config                     0x08001f42   Section        0  stm32f1xx_hal_cortex.o(i.HAL_SYSTICK_Config)
    i.HAL_SYSTICK_IRQHandler                 0x08001f6a   Section        0  stm32f1xx_hal_cortex.o(i.HAL_SYSTICK_IRQHandler)
    i.HAL_TIMEx_MasterConfigSynchronization  0x08001f72   Section        0  stm32f1xx_hal_tim_ex.o(i.HAL_TIMEx_MasterConfigSynchronization)
    i.HAL_TIM_MspPostInit                    0x08001fc4   Section        0  tim.o(i.HAL_TIM_MspPostInit)
    i.HAL_TIM_PWM_ConfigChannel              0x08002000   Section        0  stm32f1xx_hal_tim.o(i.HAL_TIM_PWM_ConfigChannel)
    i.HAL_TIM_PWM_Init                       0x080020d0   Section        0  stm32f1xx_hal_tim.o(i.HAL_TIM_PWM_Init)
    i.HAL_TIM_PWM_MspInit                    0x08002108   Section        0  tim.o(i.HAL_TIM_PWM_MspInit)
    i.HAL_TIM_PWM_Start                      0x08002130   Section        0  stm32f1xx_hal_tim.o(i.HAL_TIM_PWM_Start)
    i.HAL_UART_Init                          0x08002160   Section        0  stm32f1xx_hal_uart.o(i.HAL_UART_Init)
    i.HAL_UART_MspInit                       0x080021c4   Section        0  usart.o(i.HAL_UART_MspInit)
    i.HAL_UART_Transmit                      0x0800221c   Section        0  stm32f1xx_hal_uart.o(i.HAL_UART_Transmit)
    i.HardFault_Handler                      0x080022d6   Section        0  stm32f1xx_it.o(i.HardFault_Handler)
    i.LCD_Clear                              0x080022d8   Section        0  lcd_driver.o(i.LCD_Clear)
    i.LCD_Init                               0x080022f0   Section        0  lcd_driver.o(i.LCD_Init)
    i.LCD_InitReg                            0x08002368   Section        0  lcd_driver.o(i.LCD_InitReg)
    LCD_InitReg                              0x08002369   Thumb Code   528  lcd_driver.o(i.LCD_InitReg)
    i.LCD_SetArealColor                      0x08002578   Section        0  lcd_driver.o(i.LCD_SetArealColor)
    i.LCD_SetColor                           0x080025ac   Section        0  lcd_driver.o(i.LCD_SetColor)
    i.LCD_SetCursor                          0x080025fc   Section        0  lcd_driver.o(i.LCD_SetCursor)
    i.LCD_SetGramScanWay                     0x08002604   Section        0  lcd_driver.o(i.LCD_SetGramScanWay)
    i.LCD_SetPointlColor                     0x08002698   Section        0  lcd_driver.o(i.LCD_SetPointlColor)
    i.LCD_SetWindow                          0x080026c4   Section        0  lcd_driver.o(i.LCD_SetWindow)
    i.LCD_Show_bmp                           0x08002720   Section        0  lcd_bmp.o(i.LCD_Show_bmp)
    i.LCD_WriteData                          0x08002880   Section        0  lcd_driver.o(i.LCD_WriteData)
    i.LCD_WriteReg                           0x080028bc   Section        0  lcd_driver.o(i.LCD_WriteReg)
    i.MX_GPIO_Init                           0x080028f4   Section        0  gpio.o(i.MX_GPIO_Init)
    i.MX_SPI1_Init                           0x0800299c   Section        0  spi.o(i.MX_SPI1_Init)
    i.MX_TIM3_Init                           0x080029f8   Section        0  tim.o(i.MX_TIM3_Init)
    i.MX_USART2_UART_Init                    0x08002a7c   Section        0  usart.o(i.MX_USART2_UART_Init)
    i.MemManage_Handler                      0x08002ac8   Section        0  stm32f1xx_it.o(i.MemManage_Handler)
    i.NMI_Handler                            0x08002aca   Section        0  stm32f1xx_it.o(i.NMI_Handler)
    i.NVIC_SetPriority                       0x08002acc   Section        0  stm32f1xx_hal_cortex.o(i.NVIC_SetPriority)
    NVIC_SetPriority                         0x08002acd   Thumb Code    32  stm32f1xx_hal_cortex.o(i.NVIC_SetPriority)
    i.PWM_SetValue                           0x08002aec   Section        0  dev_config.o(i.PWM_SetValue)
    i.PendSV_Handler                         0x08002b18   Section        0  stm32f1xx_it.o(i.PendSV_Handler)
    i.SD_DisSelect                           0x08002b1c   Section        0  mmc_sd.o(i.SD_DisSelect)
    i.SD_GetCSD                              0x08002b38   Section        0  mmc_sd.o(i.SD_GetCSD)
    i.SD_GetResponse                         0x08002b62   Section        0  mmc_sd.o(i.SD_GetResponse)
    i.SD_GetSectorCount                      0x08002b8a   Section        0  mmc_sd.o(i.SD_GetSectorCount)
    i.SD_Init                                0x08002bf8   Section        0  lcd_bmp.o(i.SD_Init)
    i.SD_Initialize                          0x08002cc4   Section        0  mmc_sd.o(i.SD_Initialize)
    i.SD_ReadDisk                            0x08002e1c   Section        0  mmc_sd.o(i.SD_ReadDisk)
    i.SD_RecvData                            0x08002e88   Section        0  mmc_sd.o(i.SD_RecvData)
    i.SD_SPI_ReadWriteByte                   0x08002ebc   Section        0  mmc_sd.o(i.SD_SPI_ReadWriteByte)
    i.SD_SPI_SpeedHigh                       0x08002ec0   Section        0  mmc_sd.o(i.SD_SPI_SpeedHigh)
    i.SD_SPI_SpeedLow                        0x08002ec2   Section        0  mmc_sd.o(i.SD_SPI_SpeedLow)
    i.SD_Select                              0x08002ec4   Section        0  mmc_sd.o(i.SD_Select)
    i.SD_SendBlock                           0x08002ee4   Section        0  mmc_sd.o(i.SD_SendBlock)
    i.SD_SendCmd                             0x08002f34   Section        0  mmc_sd.o(i.SD_SendCmd)
    i.SD_WaitReady                           0x08002f92   Section        0  mmc_sd.o(i.SD_WaitReady)
    i.SD_WriteDisk                           0x08002fb4   Section        0  mmc_sd.o(i.SD_WriteDisk)
    i.SPI4W_Read_Byte                        0x08003034   Section        0  dev_config.o(i.SPI4W_Read_Byte)
    i.SPI4W_Write_Byte                       0x08003038   Section        0  dev_config.o(i.SPI4W_Write_Byte)
    i.SVC_Handler                            0x08003070   Section        0  stm32f1xx_it.o(i.SVC_Handler)
    i.Storage_CheckBitmapFile                0x08003074   Section        0  fatfs_storage.o(i.Storage_CheckBitmapFile)
    i.Storage_GetDirectoryBitmapFiles        0x08003090   Section        0  fatfs_storage.o(i.Storage_GetDirectoryBitmapFiles)
    i.Storage_OpenReadFile                   0x08003118   Section        0  fatfs_storage.o(i.Storage_OpenReadFile)
    i.SysTick_Handler                        0x0800328c   Section        0  stm32f1xx_it.o(i.SysTick_Handler)
    i.SystemClock_Config                     0x0800329a   Section        0  main.o(i.SystemClock_Config)
    i.SystemInit                             0x08003304   Section        0  system_stm32f1xx.o(i.SystemInit)
    i.System_Init                            0x0800334c   Section        0  dev_config.o(i.System_Init)
    i.TIM_Base_SetConfig                     0x08003368   Section        0  stm32f1xx_hal_tim.o(i.TIM_Base_SetConfig)
    i.TIM_CCxChannelCmd                      0x080033d4   Section        0  stm32f1xx_hal_tim.o(i.TIM_CCxChannelCmd)
    i.TIM_OC1_SetConfig                      0x080033ec   Section        0  stm32f1xx_hal_tim.o(i.TIM_OC1_SetConfig)
    TIM_OC1_SetConfig                        0x080033ed   Thumb Code    74  stm32f1xx_hal_tim.o(i.TIM_OC1_SetConfig)
    i.TIM_OC2_SetConfig                      0x0800343c   Section        0  stm32f1xx_hal_tim.o(i.TIM_OC2_SetConfig)
    i.TIM_OC3_SetConfig                      0x08003494   Section        0  stm32f1xx_hal_tim.o(i.TIM_OC3_SetConfig)
    TIM_OC3_SetConfig                        0x08003495   Thumb Code    82  stm32f1xx_hal_tim.o(i.TIM_OC3_SetConfig)
    i.TIM_OC4_SetConfig                      0x080034ec   Section        0  stm32f1xx_hal_tim.o(i.TIM_OC4_SetConfig)
    TIM_OC4_SetConfig                        0x080034ed   Thumb Code    64  stm32f1xx_hal_tim.o(i.TIM_OC4_SetConfig)
    i.TP_Adjust                              0x08003530   Section        0  lcd_touch.o(i.TP_Adjust)
    i.TP_Dialog                              0x08003e30   Section        0  lcd_touch.o(i.TP_Dialog)
    i.TP_DrawBoard                           0x08003fa0   Section        0  lcd_touch.o(i.TP_DrawBoard)
    i.TP_DrawCross                           0x0800413c   Section        0  lcd_touch.o(i.TP_DrawCross)
    TP_DrawCross                             0x0800413d   Thumb Code    96  lcd_touch.o(i.TP_DrawCross)
    i.TP_GetAdFac                            0x0800419c   Section        0  lcd_touch.o(i.TP_GetAdFac)
    i.TP_Init                                0x0800424c   Section        0  lcd_touch.o(i.TP_Init)
    i.TP_Read_ADC                            0x08004274   Section        0  lcd_touch.o(i.TP_Read_ADC)
    TP_Read_ADC                              0x08004275   Thumb Code    88  lcd_touch.o(i.TP_Read_ADC)
    i.TP_Read_ADC_Average                    0x080042d4   Section        0  lcd_touch.o(i.TP_Read_ADC_Average)
    TP_Read_ADC_Average                      0x080042d5   Thumb Code   104  lcd_touch.o(i.TP_Read_ADC_Average)
    i.TP_Read_ADC_XY                         0x0800433c   Section        0  lcd_touch.o(i.TP_Read_ADC_XY)
    TP_Read_ADC_XY                           0x0800433d   Thumb Code    24  lcd_touch.o(i.TP_Read_ADC_XY)
    i.TP_Read_TwiceADC                       0x08004354   Section        0  lcd_touch.o(i.TP_Read_TwiceADC)
    TP_Read_TwiceADC                         0x08004355   Thumb Code   114  lcd_touch.o(i.TP_Read_TwiceADC)
    i.TP_Scan                                0x080043c8   Section        0  lcd_touch.o(i.TP_Scan)
    TP_Scan                                  0x080043c9   Thumb Code   390  lcd_touch.o(i.TP_Scan)
    i.TP_ShowInfo                            0x08004560   Section        0  lcd_touch.o(i.TP_ShowInfo)
    TP_ShowInfo                              0x08004561   Thumb Code   362  lcd_touch.o(i.TP_ShowInfo)
    i.UART_SetConfig                         0x080046fc   Section        0  stm32f1xx_hal_uart.o(i.UART_SetConfig)
    UART_SetConfig                           0x080046fd   Thumb Code   364  stm32f1xx_hal_uart.o(i.UART_SetConfig)
    i.UART_WaitOnFlagUntilTimeout            0x0800486c   Section        0  stm32f1xx_hal_uart.o(i.UART_WaitOnFlagUntilTimeout)
    UART_WaitOnFlagUntilTimeout              0x0800486d   Thumb Code   100  stm32f1xx_hal_uart.o(i.UART_WaitOnFlagUntilTimeout)
    i.UsageFault_Handler                     0x080048d0   Section        0  stm32f1xx_it.o(i.UsageFault_Handler)
    i._Error_Handler                         0x080048d2   Section        0  main.o(i._Error_Handler)
    i.__0printf                              0x080048d4   Section        0  printfa.o(i.__0printf)
    i.__0sprintf                             0x080048f4   Section        0  printfa.o(i.__0sprintf)
    i.__scatterload_copy                     0x0800491c   Section       14  handlers.o(i.__scatterload_copy)
    i.__scatterload_null                     0x0800492a   Section        2  handlers.o(i.__scatterload_null)
    i.__scatterload_zeroinit                 0x0800492c   Section       14  handlers.o(i.__scatterload_zeroinit)
    i.__set_errno                            0x0800493c   Section        0  errno.o(i.__set_errno)
    i._fp_digits                             0x08004948   Section        0  printfa.o(i._fp_digits)
    _fp_digits                               0x08004949   Thumb Code   366  printfa.o(i._fp_digits)
    i._printf_core                           0x08004acc   Section        0  printfa.o(i._printf_core)
    _printf_core                             0x08004acd   Thumb Code  1704  printfa.o(i._printf_core)
    i._printf_post_padding                   0x08005180   Section        0  printfa.o(i._printf_post_padding)
    _printf_post_padding                     0x08005181   Thumb Code    36  printfa.o(i._printf_post_padding)
    i._printf_pre_padding                    0x080051a4   Section        0  printfa.o(i._printf_pre_padding)
    _printf_pre_padding                      0x080051a5   Thumb Code    46  printfa.o(i._printf_pre_padding)
    i._sputc                                 0x080051d2   Section        0  printfa.o(i._sputc)
    _sputc                                   0x080051d3   Thumb Code    10  printfa.o(i._sputc)
    i.check_fs                               0x080051dc   Section        0  ff.o(i.check_fs)
    check_fs                                 0x080051dd   Thumb Code   112  ff.o(i.check_fs)
    i.clmt_clust                             0x08005250   Section        0  ff.o(i.clmt_clust)
    clmt_clust                               0x08005251   Thumb Code    36  ff.o(i.clmt_clust)
    i.clust2sect                             0x08005274   Section        0  ff.o(i.clust2sect)
    i.create_chain                           0x0800528c   Section        0  ff.o(i.create_chain)
    create_chain                             0x0800528d   Thumb Code   154  ff.o(i.create_chain)
    i.create_name                            0x08005328   Section        0  ff.o(i.create_name)
    create_name                              0x08005329   Thumb Code   232  ff.o(i.create_name)
    i.dir_next                               0x08005424   Section        0  ff.o(i.dir_next)
    dir_next                                 0x08005425   Thumb Code   232  ff.o(i.dir_next)
    i.dir_read                               0x0800550c   Section        0  ff.o(i.dir_read)
    dir_read                                 0x0800550d   Thumb Code    88  ff.o(i.dir_read)
    i.dir_register                           0x08005564   Section        0  ff.o(i.dir_register)
    dir_register                             0x08005565   Thumb Code   100  ff.o(i.dir_register)
    i.dir_sdi                                0x080055c8   Section        0  ff.o(i.dir_sdi)
    dir_sdi                                  0x080055c9   Thumb Code   126  ff.o(i.dir_sdi)
    i.disk_initialize                        0x08005646   Section        0  diskio.o(i.disk_initialize)
    i.disk_ioctl                             0x08005664   Section        0  diskio.o(i.disk_ioctl)
    i.disk_read                              0x080056c0   Section        0  diskio.o(i.disk_read)
    i.disk_status                            0x080056f0   Section        0  diskio.o(i.disk_status)
    i.disk_write                             0x080056f4   Section        0  diskio.o(i.disk_write)
    i.f_close                                0x08005716   Section        0  ff.o(i.f_close)
    i.f_mount                                0x08005728   Section        0  ff.o(i.f_mount)
    i.f_open                                 0x0800576c   Section        0  ff.o(i.f_open)
    i.f_opendir                              0x080058b0   Section        0  ff.o(i.f_opendir)
    i.f_read                                 0x08005910   Section        0  ff.o(i.f_read)
    i.f_readdir                              0x08005a66   Section        0  ff.o(i.f_readdir)
    i.f_sync                                 0x08005ab4   Section        0  ff.o(i.f_sync)
    i.find_volume                            0x08005b4c   Section        0  ff.o(i.find_volume)
    find_volume                              0x08005b4d   Thumb Code   678  ff.o(i.find_volume)
    i.follow_path                            0x08005e00   Section        0  ff.o(i.follow_path)
    follow_path                              0x08005e01   Thumb Code   170  ff.o(i.follow_path)
    i.fputc                                  0x08005eac   Section        0  usart.o(i.fputc)
    i.get_fat                                0x08005ec4   Section        0  ff.o(i.get_fat)
    i.get_fattime                            0x08005f86   Section        0  diskio.o(i.get_fattime)
    i.get_fileinfo                           0x08005f8a   Section        0  ff.o(i.get_fileinfo)
    get_fileinfo                             0x08005f8b   Thumb Code    86  ff.o(i.get_fileinfo)
    i.get_ldnumber                           0x08005fe0   Section        0  ff.o(i.get_ldnumber)
    get_ldnumber                             0x08005fe1   Thumb Code    46  ff.o(i.get_ldnumber)
    i.ld_clust                               0x0800600e   Section        0  ff.o(i.ld_clust)
    ld_clust                                 0x0800600f   Thumb Code    18  ff.o(i.ld_clust)
    i.main                                   0x08006020   Section        0  main.o(i.main)
    i.malloc                                 0x08006168   Section        0  malloc.o(i.malloc)
    i.mem_cpy                                0x080061d4   Section        0  ff.o(i.mem_cpy)
    mem_cpy                                  0x080061d5   Thumb Code    18  ff.o(i.mem_cpy)
    i.mem_set                                0x080061e6   Section        0  ff.o(i.mem_set)
    mem_set                                  0x080061e7   Thumb Code    14  ff.o(i.mem_set)
    i.move_window                            0x080061f4   Section        0  ff.o(i.move_window)
    move_window                              0x080061f5   Thumb Code    46  ff.o(i.move_window)
    i.put_fat                                0x08006224   Section        0  ff.o(i.put_fat)
    i.remove_chain                           0x0800631e   Section        0  ff.o(i.remove_chain)
    remove_chain                             0x0800631f   Thumb Code    98  ff.o(i.remove_chain)
    i.sqrt                                   0x08006380   Section        0  sqrt.o(i.sqrt)
    i.st_clust                               0x080063cc   Section        0  ff.o(i.st_clust)
    st_clust                                 0x080063cd   Thumb Code    16  ff.o(i.st_clust)
    i.sync_fs                                0x080063dc   Section        0  ff.o(i.sync_fs)
    sync_fs                                  0x080063dd   Thumb Code   176  ff.o(i.sync_fs)
    i.sync_window                            0x0800648c   Section        0  ff.o(i.sync_window)
    sync_window                              0x0800648d   Thumb Code    80  ff.o(i.sync_window)
    i.validate                               0x080064dc   Section        0  ff.o(i.validate)
    validate                                 0x080064dd   Thumb Code    38  ff.o(i.validate)
    .constdata                               0x08006502   Section       16  system_stm32f1xx.o(.constdata)
    .constdata                               0x08006512   Section        8  system_stm32f1xx.o(.constdata)
    .constdata                               0x0800651a   Section     3040  font16.o(.constdata)
    .constdata                               0x080070fa   Section     3800  font20.o(.constdata)
    .constdata                               0x08007fd2   Section     6840  font24.o(.constdata)
    .constdata                               0x08009a8a   Section      128  ff.o(.constdata)
    ExCvt                                    0x08009a8a   Data         128  ff.o(.constdata)
    .conststring                             0x08009b0c   Section       66  lcd_gui.o(.conststring)
    .conststring                             0x08009b50   Section      186  lcd_touch.o(.conststring)
    .data                                    0x20000000   Section        4  stm32f1xx_hal.o(.data)
    .data                                    0x20000004   Section        4  system_stm32f1xx.o(.data)
    .data                                    0x20000008   Section        8  font16.o(.data)
    .data                                    0x20000010   Section        8  font20.o(.data)
    .data                                    0x20000018   Section        8  font24.o(.data)
    .data                                    0x20000020   Section        8  fatfs_storage.o(.data)
    .data                                    0x20000028   Section        8  ff.o(.data)
    Fsid                                     0x20000028   Data           2  ff.o(.data)
    FatFs                                    0x2000002c   Data           4  ff.o(.data)
    .data                                    0x20000030   Section        1  lcd_bmp.o(.data)
    .data                                    0x20000032   Section        8  lcd_touch.o(.data)
    sTP_Draw                                 0x20000032   Data           8  lcd_touch.o(.data)
    .data                                    0x2000003a   Section        1  mmc_sd.o(.data)
    .data                                    0x2000003c   Section        4  stdout.o(.data)
    .data                                    0x20000040   Section        4  mvars.o(.data)
    .data                                    0x20000044   Section        4  mvars.o(.data)
    .data                                    0x20000048   Section        4  errno.o(.data)
    _errno                                   0x20000048   Data           4  errno.o(.data)
    .bss                                     0x2000004c   Section       88  spi.o(.bss)
    .bss                                     0x200000a4   Section       64  usart.o(.bss)
    .bss                                     0x200000e4   Section       64  tim.o(.bss)
    .bss                                     0x20000124   Section     1564  fatfs_storage.o(.bss)
    .bss                                     0x20000740   Section      680  lcd_bmp.o(.bss)
    .bss                                     0x200009e8   Section       10  lcd_driver.o(.bss)
    .bss                                     0x200009f4   Section       28  lcd_touch.o(.bss)
    sTP_DEV                                  0x200009f4   Data          28  lcd_touch.o(.bss)
    HEAP                                     0x20000a10   Section      512  startup_stm32f103xb.o(HEAP)
    STACK                                    0x20000c10   Section     1024  startup_stm32f103xb.o(STACK)

    Global Symbols

    Symbol Name                              Value     Ov Type        Size  Object(Section)

    BuildAttributes$$THM_ISAv4$P$D$K$B$S$PE$A:L22UL41UL21$X:L11$S22US41US21$IEEE1$IW$USESV6$~STKCKD$USESV7$~SHL$OTIME$ROPI$IEEEJ$EBA8$MICROLIB$REQ8$PRES8$EABIv2 0x00000000   Number         0  anon$$obj.o ABSOLUTE
    __ARM_use_no_argv                        0x00000000   Number         0  main.o ABSOLUTE
    _printf_a                                0x00000000   Number         0  stubs.o ABSOLUTE
    _printf_c                                0x00000000   Number         0  stubs.o ABSOLUTE
    _printf_charcount                        0x00000000   Number         0  stubs.o ABSOLUTE
    _printf_d                                0x00000000   Number         0  stubs.o ABSOLUTE
    _printf_e                                0x00000000   Number         0  stubs.o ABSOLUTE
    _printf_f                                0x00000000   Number         0  stubs.o ABSOLUTE
    _printf_flags                            0x00000000   Number         0  stubs.o ABSOLUTE
    _printf_fp_dec                           0x00000000   Number         0  stubs.o ABSOLUTE
    _printf_fp_hex                           0x00000000   Number         0  stubs.o ABSOLUTE
    _printf_g                                0x00000000   Number         0  stubs.o ABSOLUTE
    _printf_i                                0x00000000   Number         0  stubs.o ABSOLUTE
    _printf_int_dec                          0x00000000   Number         0  stubs.o ABSOLUTE
    _printf_l                                0x00000000   Number         0  stubs.o ABSOLUTE
    _printf_lc                               0x00000000   Number         0  stubs.o ABSOLUTE
    _printf_ll                               0x00000000   Number         0  stubs.o ABSOLUTE
    _printf_lld                              0x00000000   Number         0  stubs.o ABSOLUTE
    _printf_lli                              0x00000000   Number         0  stubs.o ABSOLUTE
    _printf_llo                              0x00000000   Number         0  stubs.o ABSOLUTE
    _printf_llu                              0x00000000   Number         0  stubs.o ABSOLUTE
    _printf_llx                              0x00000000   Number         0  stubs.o ABSOLUTE
    _printf_longlong_dec                     0x00000000   Number         0  stubs.o ABSOLUTE
    _printf_longlong_hex                     0x00000000   Number         0  stubs.o ABSOLUTE
    _printf_longlong_oct                     0x00000000   Number         0  stubs.o ABSOLUTE
    _printf_ls                               0x00000000   Number         0  stubs.o ABSOLUTE
    _printf_mbtowc                           0x00000000   Number         0  stubs.o ABSOLUTE
    _printf_n                                0x00000000   Number         0  stubs.o ABSOLUTE
    _printf_o                                0x00000000   Number         0  stubs.o ABSOLUTE
    _printf_p                                0x00000000   Number         0  stubs.o ABSOLUTE
    _printf_percent                          0x00000000   Number         0  stubs.o ABSOLUTE
    _printf_pre_padding                      0x00000000   Number         0  stubs.o ABSOLUTE
    _printf_return_value                     0x00000000   Number         0  stubs.o ABSOLUTE
    _printf_s                                0x00000000   Number         0  stubs.o ABSOLUTE
    _printf_sizespec                         0x00000000   Number         0  stubs.o ABSOLUTE
    _printf_str                              0x00000000   Number         0  stubs.o ABSOLUTE
    _printf_truncate_signed                  0x00000000   Number         0  stubs.o ABSOLUTE
    _printf_truncate_unsigned                0x00000000   Number         0  stubs.o ABSOLUTE
    _printf_u                                0x00000000   Number         0  stubs.o ABSOLUTE
    _printf_wc                               0x00000000   Number         0  stubs.o ABSOLUTE
    _printf_wctomb                           0x00000000   Number         0  stubs.o ABSOLUTE
    _printf_widthprec                        0x00000000   Number         0  stubs.o ABSOLUTE
    _printf_x                                0x00000000   Number         0  stubs.o ABSOLUTE
    __arm_fini_                               - Undefined Weak Reference
    __cpp_initialize__aeabi_                  - Undefined Weak Reference
    __cxa_finalize                            - Undefined Weak Reference
    __decompress                              - Undefined Weak Reference
    _clock_init                               - Undefined Weak Reference
    _microlib_exit                            - Undefined Weak Reference
    __Vectors_Size                           0x000000ec   Number         0  startup_stm32f103xb.o ABSOLUTE
    __Vectors                                0x08000000   Data           4  startup_stm32f103xb.o(RESET)
    __Vectors_End                            0x080000ec   Data           0  startup_stm32f103xb.o(RESET)
    __main                                   0x080000ed   Thumb Code     0  entry.o(.ARM.Collect$$$$00000000)
    _main_stk                                0x080000ed   Thumb Code     0  entry2.o(.ARM.Collect$$$$00000001)
    _main_scatterload                        0x080000f1   Thumb Code     0  entry5.o(.ARM.Collect$$$$00000004)
    __main_after_scatterload                 0x080000f5   Thumb Code     0  entry5.o(.ARM.Collect$$$$00000004)
    _main_clock                              0x080000f5   Thumb Code     0  entry7b.o(.ARM.Collect$$$$00000008)
    _main_cpp_init                           0x080000f5   Thumb Code     0  entry8b.o(.ARM.Collect$$$$0000000A)
    _main_init                               0x080000f5   Thumb Code     0  entry9a.o(.ARM.Collect$$$$0000000B)
    __rt_lib_shutdown_fini                   0x080000fd   Thumb Code     0  entry12b.o(.ARM.Collect$$$$0000000E)
    __rt_final_cpp                           0x08000101   Thumb Code     0  entry10a.o(.ARM.Collect$$$$0000000F)
    __rt_final_exit                          0x08000101   Thumb Code     0  entry11a.o(.ARM.Collect$$$$00000011)
    Reset_Handler                            0x08000105   Thumb Code     8  startup_stm32f103xb.o(.text)
    ADC1_2_IRQHandler                        0x0800011f   Thumb Code     0  startup_stm32f103xb.o(.text)
    CAN1_RX1_IRQHandler                      0x0800011f   Thumb Code     0  startup_stm32f103xb.o(.text)
    CAN1_SCE_IRQHandler                      0x0800011f   Thumb Code     0  startup_stm32f103xb.o(.text)
    DMA1_Channel1_IRQHandler                 0x0800011f   Thumb Code     0  startup_stm32f103xb.o(.text)
    DMA1_Channel2_IRQHandler                 0x0800011f   Thumb Code     0  startup_stm32f103xb.o(.text)
    DMA1_Channel3_IRQHandler                 0x0800011f   Thumb Code     0  startup_stm32f103xb.o(.text)
    DMA1_Channel4_IRQHandler                 0x0800011f   Thumb Code     0  startup_stm32f103xb.o(.text)
    DMA1_Channel5_IRQHandler                 0x0800011f   Thumb Code     0  startup_stm32f103xb.o(.text)
    DMA1_Channel6_IRQHandler                 0x0800011f   Thumb Code     0  startup_stm32f103xb.o(.text)
    DMA1_Channel7_IRQHandler                 0x0800011f   Thumb Code     0  startup_stm32f103xb.o(.text)
    EXTI0_IRQHandler                         0x0800011f   Thumb Code     0  startup_stm32f103xb.o(.text)
    EXTI15_10_IRQHandler                     0x0800011f   Thumb Code     0  startup_stm32f103xb.o(.text)
    EXTI1_IRQHandler                         0x0800011f   Thumb Code     0  startup_stm32f103xb.o(.text)
    EXTI2_IRQHandler                         0x0800011f   Thumb Code     0  startup_stm32f103xb.o(.text)
    EXTI3_IRQHandler                         0x0800011f   Thumb Code     0  startup_stm32f103xb.o(.text)
    EXTI4_IRQHandler                         0x0800011f   Thumb Code     0  startup_stm32f103xb.o(.text)
    EXTI9_5_IRQHandler                       0x0800011f   Thumb Code     0  startup_stm32f103xb.o(.text)
    FLASH_IRQHandler                         0x0800011f   Thumb Code     0  startup_stm32f103xb.o(.text)
    I2C1_ER_IRQHandler                       0x0800011f   Thumb Code     0  startup_stm32f103xb.o(.text)
    I2C1_EV_IRQHandler                       0x0800011f   Thumb Code     0  startup_stm32f103xb.o(.text)
    I2C2_ER_IRQHandler                       0x0800011f   Thumb Code     0  startup_stm32f103xb.o(.text)
    I2C2_EV_IRQHandler                       0x0800011f   Thumb Code     0  startup_stm32f103xb.o(.text)
    PVD_IRQHandler                           0x0800011f   Thumb Code     0  startup_stm32f103xb.o(.text)
    RCC_IRQHandler                           0x0800011f   Thumb Code     0  startup_stm32f103xb.o(.text)
    RTC_Alarm_IRQHandler                     0x0800011f   Thumb Code     0  startup_stm32f103xb.o(.text)
    RTC_IRQHandler                           0x0800011f   Thumb Code     0  startup_stm32f103xb.o(.text)
    SPI1_IRQHandler                          0x0800011f   Thumb Code     0  startup_stm32f103xb.o(.text)
    SPI2_IRQHandler                          0x0800011f   Thumb Code     0  startup_stm32f103xb.o(.text)
    TAMPER_IRQHandler                        0x0800011f   Thumb Code     0  startup_stm32f103xb.o(.text)
    TIM1_BRK_IRQHandler                      0x0800011f   Thumb Code     0  startup_stm32f103xb.o(.text)
    TIM1_CC_IRQHandler                       0x0800011f   Thumb Code     0  startup_stm32f103xb.o(.text)
    TIM1_TRG_COM_IRQHandler                  0x0800011f   Thumb Code     0  startup_stm32f103xb.o(.text)
    TIM1_UP_IRQHandler                       0x0800011f   Thumb Code     0  startup_stm32f103xb.o(.text)
    TIM2_IRQHandler                          0x0800011f   Thumb Code     0  startup_stm32f103xb.o(.text)
    TIM3_IRQHandler                          0x0800011f   Thumb Code     0  startup_stm32f103xb.o(.text)
    TIM4_IRQHandler                          0x0800011f   Thumb Code     0  startup_stm32f103xb.o(.text)
    USART1_IRQHandler                        0x0800011f   Thumb Code     0  startup_stm32f103xb.o(.text)
    USART2_IRQHandler                        0x0800011f   Thumb Code     0  startup_stm32f103xb.o(.text)
    USART3_IRQHandler                        0x0800011f   Thumb Code     0  startup_stm32f103xb.o(.text)
    USBWakeUp_IRQHandler                     0x0800011f   Thumb Code     0  startup_stm32f103xb.o(.text)
    USB_HP_CAN1_TX_IRQHandler                0x0800011f   Thumb Code     0  startup_stm32f103xb.o(.text)
    USB_LP_CAN1_RX0_IRQHandler               0x0800011f   Thumb Code     0  startup_stm32f103xb.o(.text)
    WWDG_IRQHandler                          0x0800011f   Thumb Code     0  startup_stm32f103xb.o(.text)
    __aeabi_llsr                             0x08000129   Thumb Code    32  llushr.o(.text)
    _ll_ushift_r                             0x08000129   Thumb Code     0  llushr.o(.text)
    __aeabi_memset                           0x08000149   Thumb Code    14  memseta.o(.text)
    __aeabi_memset4                          0x08000149   Thumb Code     0  memseta.o(.text)
    __aeabi_memset8                          0x08000149   Thumb Code     0  memseta.o(.text)
    __aeabi_memclr                           0x08000157   Thumb Code     4  memseta.o(.text)
    __aeabi_memclr4                          0x08000157   Thumb Code     0  memseta.o(.text)
    __aeabi_memclr8                          0x08000157   Thumb Code     0  memseta.o(.text)
    _memset$wrapper                          0x0800015b   Thumb Code    18  memseta.o(.text)
    strlen                                   0x0800016d   Thumb Code    14  strlen.o(.text)
    __aeabi_fadd                             0x0800017b   Thumb Code   164  fadd.o(.text)
    __aeabi_fsub                             0x0800021f   Thumb Code     6  fadd.o(.text)
    __aeabi_frsub                            0x08000225   Thumb Code     6  fadd.o(.text)
    __aeabi_fmul                             0x0800022b   Thumb Code   100  fmul.o(.text)
    __aeabi_fdiv                             0x0800028f   Thumb Code   124  fdiv.o(.text)
    __ARM_scalbnf                            0x0800030b   Thumb Code    24  fscalb.o(.text)
    scalbnf                                  0x0800030b   Thumb Code     0  fscalb.o(.text)
    __aeabi_i2f                              0x08000323   Thumb Code    18  fflti.o(.text)
    __aeabi_ui2f                             0x08000335   Thumb Code    10  ffltui.o(.text)
    __aeabi_ui2d                             0x0800033f   Thumb Code    26  dfltui.o(.text)
    __aeabi_f2iz                             0x08000359   Thumb Code    50  ffixi.o(.text)
    __aeabi_f2uiz                            0x0800038b   Thumb Code    40  ffixui.o(.text)
    __aeabi_d2uiz                            0x080003b3   Thumb Code    50  dfixui.o(.text)
    __aeabi_f2d                              0x080003e5   Thumb Code    38  f2d.o(.text)
    __aeabi_uidiv                            0x0800040b   Thumb Code     0  uidiv.o(.text)
    __aeabi_uidivmod                         0x0800040b   Thumb Code    44  uidiv.o(.text)
    __aeabi_uldivmod                         0x08000437   Thumb Code    98  uldiv.o(.text)
    __I$use$fp                               0x08000499   Thumb Code     0  iusefp.o(.text)
    _float_round                             0x08000499   Thumb Code    18  fepilogue.o(.text)
    _float_epilogue                          0x080004ab   Thumb Code    92  fepilogue.o(.text)
    _double_round                            0x08000507   Thumb Code    30  depilogue.o(.text)
    _double_epilogue                         0x08000525   Thumb Code   156  depilogue.o(.text)
    __aeabi_dadd                             0x080005c1   Thumb Code   322  dadd.o(.text)
    __aeabi_dsub                             0x08000703   Thumb Code     6  dadd.o(.text)
    __aeabi_drsub                            0x08000709   Thumb Code     6  dadd.o(.text)
    __aeabi_dmul                             0x0800070f   Thumb Code   228  dmul.o(.text)
    __aeabi_ddiv                             0x080007f3   Thumb Code   222  ddiv.o(.text)
    _dsqrt                                   0x080008d1   Thumb Code   162  dsqrt.o(.text)
    __aeabi_d2ulz                            0x08000973   Thumb Code    48  dfixul.o(.text)
    __aeabi_cdrcmple                         0x080009a5   Thumb Code    48  cdrcmple.o(.text)
    __scatterload                            0x080009d5   Thumb Code    28  init.o(.text)
    __scatterload_rt2                        0x080009d5   Thumb Code     0  init.o(.text)
    __aeabi_llsl                             0x080009f9   Thumb Code    30  llshl.o(.text)
    _ll_shift_l                              0x080009f9   Thumb Code     0  llshl.o(.text)
    __aeabi_lasr                             0x08000a17   Thumb Code    36  llsshr.o(.text)
    _ll_sshift_r                             0x08000a17   Thumb Code     0  llsshr.o(.text)
    BusFault_Handler                         0x08000a3b   Thumb Code     2  stm32f1xx_it.o(i.BusFault_Handler)
    DebugMon_Handler                         0x08000a3d   Thumb Code     2  stm32f1xx_it.o(i.DebugMon_Handler)
    Driver_Delay_ms                          0x08000a3f   Thumb Code     4  dev_config.o(i.Driver_Delay_ms)
    Driver_Delay_us                          0x08000a43   Thumb Code    10  dev_config.o(i.Driver_Delay_us)
    GUI_DisChar                              0x08000a4d   Thumb Code   190  lcd_gui.o(i.GUI_DisChar)
    GUI_DisNum                               0x08000b51   Thumb Code   144  lcd_gui.o(i.GUI_DisNum)
    GUI_DisString_EN                         0x08000c21   Thumb Code   116  lcd_gui.o(i.GUI_DisString_EN)
    GUI_DrawCircle                           0x08000c9d   Thumb Code   532  lcd_gui.o(i.GUI_DrawCircle)
    GUI_DrawLine                             0x08000ef5   Thumb Code   202  lcd_gui.o(i.GUI_DrawLine)
    GUI_DrawPoint                            0x08001005   Thumb Code   150  lcd_gui.o(i.GUI_DrawPoint)
    GUI_DrawRectangle                        0x080010e1   Thumb Code   152  lcd_gui.o(i.GUI_DrawRectangle)
    GUI_Show                                 0x080011b1   Thumb Code   812  lcd_gui.o(i.GUI_Show)
    HAL_Delay                                0x08001601   Thumb Code    28  stm32f1xx_hal.o(i.HAL_Delay)
    HAL_GPIO_Init                            0x0800161d   Thumb Code   408  stm32f1xx_hal_gpio.o(i.HAL_GPIO_Init)
    HAL_GPIO_ReadPin                         0x080017d9   Thumb Code    10  stm32f1xx_hal_gpio.o(i.HAL_GPIO_ReadPin)
    HAL_GPIO_WritePin                        0x080017e3   Thumb Code    10  stm32f1xx_hal_gpio.o(i.HAL_GPIO_WritePin)
    HAL_GetTick                              0x080017ed   Thumb Code     6  stm32f1xx_hal.o(i.HAL_GetTick)
    HAL_IncTick                              0x080017f9   Thumb Code    10  stm32f1xx_hal.o(i.HAL_IncTick)
    HAL_Init                                 0x08001809   Thumb Code    32  stm32f1xx_hal.o(i.HAL_Init)
    HAL_InitTick                             0x0800182d   Thumb Code    34  stm32f1xx_hal.o(i.HAL_InitTick)
    HAL_MspInit                              0x08001855   Thumb Code   122  stm32f1xx_hal_msp.o(i.HAL_MspInit)
    HAL_NVIC_SetPriority                     0x080018d9   Thumb Code    60  stm32f1xx_hal_cortex.o(i.HAL_NVIC_SetPriority)
    HAL_NVIC_SetPriorityGrouping             0x08001919   Thumb Code    26  stm32f1xx_hal_cortex.o(i.HAL_NVIC_SetPriorityGrouping)
    HAL_RCC_ClockConfig                      0x0800193d   Thumb Code   322  stm32f1xx_hal_rcc.o(i.HAL_RCC_ClockConfig)
    HAL_RCC_GetHCLKFreq                      0x08001a91   Thumb Code     6  stm32f1xx_hal_rcc.o(i.HAL_RCC_GetHCLKFreq)
    HAL_RCC_GetPCLK1Freq                     0x08001a9d   Thumb Code    20  stm32f1xx_hal_rcc.o(i.HAL_RCC_GetPCLK1Freq)
    HAL_RCC_GetPCLK2Freq                     0x08001abd   Thumb Code    20  stm32f1xx_hal_rcc.o(i.HAL_RCC_GetPCLK2Freq)
    HAL_RCC_GetSysClockFreq                  0x08001add   Thumb Code    74  stm32f1xx_hal_rcc.o(i.HAL_RCC_GetSysClockFreq)
    HAL_RCC_OscConfig                        0x08001b49   Thumb Code   750  stm32f1xx_hal_rcc.o(i.HAL_RCC_OscConfig)
    HAL_SPI_Init                             0x08001e4d   Thumb Code   130  stm32f1xx_hal_spi_ex.o(i.HAL_SPI_Init)
    HAL_SPI_MspInit                          0x08001ed1   Thumb Code    74  spi.o(i.HAL_SPI_MspInit)
    HAL_SYSTICK_CLKSourceConfig              0x08001f29   Thumb Code    24  stm32f1xx_hal_cortex.o(i.HAL_SYSTICK_CLKSourceConfig)
    HAL_SYSTICK_Callback                     0x08001f41   Thumb Code     2  stm32f1xx_hal_cortex.o(i.HAL_SYSTICK_Callback)
    HAL_SYSTICK_Config                       0x08001f43   Thumb Code    40  stm32f1xx_hal_cortex.o(i.HAL_SYSTICK_Config)
    HAL_SYSTICK_IRQHandler                   0x08001f6b   Thumb Code     8  stm32f1xx_hal_cortex.o(i.HAL_SYSTICK_IRQHandler)
    HAL_TIMEx_MasterConfigSynchronization    0x08001f73   Thumb Code    80  stm32f1xx_hal_tim_ex.o(i.HAL_TIMEx_MasterConfigSynchronization)
    HAL_TIM_MspPostInit                      0x08001fc5   Thumb Code    48  tim.o(i.HAL_TIM_MspPostInit)
    HAL_TIM_PWM_ConfigChannel                0x08002001   Thumb Code   208  stm32f1xx_hal_tim.o(i.HAL_TIM_PWM_ConfigChannel)
    HAL_TIM_PWM_Init                         0x080020d1   Thumb Code    54  stm32f1xx_hal_tim.o(i.HAL_TIM_PWM_Init)
    HAL_TIM_PWM_MspInit                      0x08002109   Thumb Code    30  tim.o(i.HAL_TIM_PWM_MspInit)
    HAL_TIM_PWM_Start                        0x08002131   Thumb Code    42  stm32f1xx_hal_tim.o(i.HAL_TIM_PWM_Start)
    HAL_UART_Init                            0x08002161   Thumb Code    98  stm32f1xx_hal_uart.o(i.HAL_UART_Init)
    HAL_UART_MspInit                         0x080021c5   Thumb Code    74  usart.o(i.HAL_UART_MspInit)
    HAL_UART_Transmit                        0x0800221d   Thumb Code   186  stm32f1xx_hal_uart.o(i.HAL_UART_Transmit)
    HardFault_Handler                        0x080022d7   Thumb Code     2  stm32f1xx_it.o(i.HardFault_Handler)
    LCD_Clear                                0x080022d9   Thumb Code    20  lcd_driver.o(i.LCD_Clear)
    LCD_Init                                 0x080022f1   Thumb Code   116  lcd_driver.o(i.LCD_Init)
    LCD_SetArealColor                        0x08002579   Thumb Code    50  lcd_driver.o(i.LCD_SetArealColor)
    LCD_SetColor                             0x080025ad   Thumb Code    72  lcd_driver.o(i.LCD_SetColor)
    LCD_SetCursor                            0x080025fd   Thumb Code     8  lcd_driver.o(i.LCD_SetCursor)
    LCD_SetGramScanWay                       0x08002605   Thumb Code   144  lcd_driver.o(i.LCD_SetGramScanWay)
    LCD_SetPointlColor                       0x08002699   Thumb Code    38  lcd_driver.o(i.LCD_SetPointlColor)
    LCD_SetWindow                            0x080026c5   Thumb Code    90  lcd_driver.o(i.LCD_SetWindow)
    LCD_Show_bmp                             0x08002721   Thumb Code   214  lcd_bmp.o(i.LCD_Show_bmp)
    LCD_WriteData                            0x08002881   Thumb Code    52  lcd_driver.o(i.LCD_WriteData)
    LCD_WriteReg                             0x080028bd   Thumb Code    48  lcd_driver.o(i.LCD_WriteReg)
    MX_GPIO_Init                             0x080028f5   Thumb Code   156  gpio.o(i.MX_GPIO_Init)
    MX_SPI1_Init                             0x0800299d   Thumb Code    66  spi.o(i.MX_SPI1_Init)
    MX_TIM3_Init                             0x080029f9   Thumb Code   106  tim.o(i.MX_TIM3_Init)
    MX_USART2_UART_Init                      0x08002a7d   Thumb Code    52  usart.o(i.MX_USART2_UART_Init)
    MemManage_Handler                        0x08002ac9   Thumb Code     2  stm32f1xx_it.o(i.MemManage_Handler)
    NMI_Handler                              0x08002acb   Thumb Code     2  stm32f1xx_it.o(i.NMI_Handler)
    PWM_SetValue                             0x08002aed   Thumb Code    38  dev_config.o(i.PWM_SetValue)
    PendSV_Handler                           0x08002b19   Thumb Code     2  stm32f1xx_it.o(i.PendSV_Handler)
    SD_DisSelect                             0x08002b1d   Thumb Code    22  mmc_sd.o(i.SD_DisSelect)
    SD_GetCSD                                0x08002b39   Thumb Code    42  mmc_sd.o(i.SD_GetCSD)
    SD_GetResponse                           0x08002b63   Thumb Code    40  mmc_sd.o(i.SD_GetResponse)
    SD_GetSectorCount                        0x08002b8b   Thumb Code   110  mmc_sd.o(i.SD_GetSectorCount)
    SD_Init                                  0x08002bf9   Thumb Code    92  lcd_bmp.o(i.SD_Init)
    SD_Initialize                            0x08002cc5   Thumb Code   334  mmc_sd.o(i.SD_Initialize)
    SD_ReadDisk                              0x08002e1d   Thumb Code   104  mmc_sd.o(i.SD_ReadDisk)
    SD_RecvData                              0x08002e89   Thumb Code    52  mmc_sd.o(i.SD_RecvData)
    SD_SPI_ReadWriteByte                     0x08002ebd   Thumb Code     4  mmc_sd.o(i.SD_SPI_ReadWriteByte)
    SD_SPI_SpeedHigh                         0x08002ec1   Thumb Code     2  mmc_sd.o(i.SD_SPI_SpeedHigh)
    SD_SPI_SpeedLow                          0x08002ec3   Thumb Code     2  mmc_sd.o(i.SD_SPI_SpeedLow)
    SD_Select                                0x08002ec5   Thumb Code    28  mmc_sd.o(i.SD_Select)
    SD_SendBlock                             0x08002ee5   Thumb Code    80  mmc_sd.o(i.SD_SendBlock)
    SD_SendCmd                               0x08002f35   Thumb Code    94  mmc_sd.o(i.SD_SendCmd)
    SD_WaitReady                             0x08002f93   Thumb Code    32  mmc_sd.o(i.SD_WaitReady)
    SD_WriteDisk                             0x08002fb5   Thumb Code   124  mmc_sd.o(i.SD_WriteDisk)
    SPI4W_Read_Byte                          0x08003035   Thumb Code     4  dev_config.o(i.SPI4W_Read_Byte)
    SPI4W_Write_Byte                         0x08003039   Thumb Code    46  dev_config.o(i.SPI4W_Write_Byte)
    SVC_Handler                              0x08003071   Thumb Code     2  stm32f1xx_it.o(i.SVC_Handler)
    Storage_CheckBitmapFile                  0x08003075   Thumb Code    22  fatfs_storage.o(i.Storage_CheckBitmapFile)
    Storage_GetDirectoryBitmapFiles          0x08003091   Thumb Code   118  fatfs_storage.o(i.Storage_GetDirectoryBitmapFiles)
    Storage_OpenReadFile                     0x08003119   Thumb Code   336  fatfs_storage.o(i.Storage_OpenReadFile)
    SysTick_Handler                          0x0800328d   Thumb Code    14  stm32f1xx_it.o(i.SysTick_Handler)
    SystemClock_Config                       0x0800329b   Thumb Code   104  main.o(i.SystemClock_Config)
    SystemInit                               0x08003305   Thumb Code    56  system_stm32f1xx.o(i.SystemInit)
    System_Init                              0x0800334d   Thumb Code    12  dev_config.o(i.System_Init)
    TIM_Base_SetConfig                       0x08003369   Thumb Code    94  stm32f1xx_hal_tim.o(i.TIM_Base_SetConfig)
    TIM_CCxChannelCmd                        0x080033d5   Thumb Code    22  stm32f1xx_hal_tim.o(i.TIM_CCxChannelCmd)
    TIM_OC2_SetConfig                        0x0800343d   Thumb Code    84  stm32f1xx_hal_tim.o(i.TIM_OC2_SetConfig)
    TP_Adjust                                0x08003531   Thumb Code  2066  lcd_touch.o(i.TP_Adjust)
    TP_Dialog                                0x08003e31   Thumb Code   320  lcd_touch.o(i.TP_Dialog)
    TP_DrawBoard                             0x08003fa1   Thumb Code   398  lcd_touch.o(i.TP_DrawBoard)
    TP_GetAdFac                              0x0800419d   Thumb Code   130  lcd_touch.o(i.TP_GetAdFac)
    TP_Init                                  0x0800424d   Thumb Code    30  lcd_touch.o(i.TP_Init)
    UsageFault_Handler                       0x080048d1   Thumb Code     2  stm32f1xx_it.o(i.UsageFault_Handler)
    _Error_Handler                           0x080048d3   Thumb Code     2  main.o(i._Error_Handler)
    __0printf                                0x080048d5   Thumb Code    22  printfa.o(i.__0printf)
    __1printf                                0x080048d5   Thumb Code     0  printfa.o(i.__0printf)
    __2printf                                0x080048d5   Thumb Code     0  printfa.o(i.__0printf)
    __c89printf                              0x080048d5   Thumb Code     0  printfa.o(i.__0printf)
    printf                                   0x080048d5   Thumb Code     0  printfa.o(i.__0printf)
    __0sprintf                               0x080048f5   Thumb Code    34  printfa.o(i.__0sprintf)
    __1sprintf                               0x080048f5   Thumb Code     0  printfa.o(i.__0sprintf)
    __2sprintf                               0x080048f5   Thumb Code     0  printfa.o(i.__0sprintf)
    __c89sprintf                             0x080048f5   Thumb Code     0  printfa.o(i.__0sprintf)
    sprintf                                  0x080048f5   Thumb Code     0  printfa.o(i.__0sprintf)
    __scatterload_copy                       0x0800491d   Thumb Code    14  handlers.o(i.__scatterload_copy)
    __scatterload_null                       0x0800492b   Thumb Code     2  handlers.o(i.__scatterload_null)
    __scatterload_zeroinit                   0x0800492d   Thumb Code    14  handlers.o(i.__scatterload_zeroinit)
    __set_errno                              0x0800493d   Thumb Code     6  errno.o(i.__set_errno)
    clust2sect                               0x08005275   Thumb Code    24  ff.o(i.clust2sect)
    disk_initialize                          0x08005647   Thumb Code    30  diskio.o(i.disk_initialize)
    disk_ioctl                               0x08005665   Thumb Code    88  diskio.o(i.disk_ioctl)
    disk_read                                0x080056c1   Thumb Code    48  diskio.o(i.disk_read)
    disk_status                              0x080056f1   Thumb Code     4  diskio.o(i.disk_status)
    disk_write                               0x080056f5   Thumb Code    34  diskio.o(i.disk_write)
    f_close                                  0x08005717   Thumb Code    18  ff.o(i.f_close)
    f_mount                                  0x08005729   Thumb Code    64  ff.o(i.f_mount)
    f_open                                   0x0800576d   Thumb Code   324  ff.o(i.f_open)
    f_opendir                                0x080058b1   Thumb Code    96  ff.o(i.f_opendir)
    f_read                                   0x08005911   Thumb Code   342  ff.o(i.f_read)
    f_readdir                                0x08005a67   Thumb Code    78  ff.o(i.f_readdir)
    f_sync                                   0x08005ab5   Thumb Code   152  ff.o(i.f_sync)
    fputc                                    0x08005ead   Thumb Code    20  usart.o(i.fputc)
    get_fat                                  0x08005ec5   Thumb Code   194  ff.o(i.get_fat)
    get_fattime                              0x08005f87   Thumb Code     4  diskio.o(i.get_fattime)
    main                                     0x08006021   Thumb Code   126  main.o(i.main)
    malloc                                   0x08006169   Thumb Code    92  malloc.o(i.malloc)
    put_fat                                  0x08006225   Thumb Code   250  ff.o(i.put_fat)
    sqrt                                     0x08006381   Thumb Code    76  sqrt.o(i.sqrt)
    AHBPrescTable                            0x08006502   Data          16  system_stm32f1xx.o(.constdata)
    APBPrescTable                            0x08006512   Data           8  system_stm32f1xx.o(.constdata)
    Font16_Table                             0x0800651a   Data        3040  font16.o(.constdata)
    Font20_Table                             0x080070fa   Data        3800  font20.o(.constdata)
    Font24_Table                             0x08007fd2   Data        6840  font24.o(.constdata)
    Region$$Table$$Base                      0x08009c0c   Number         0  anon$$obj.o(Region$$Table)
    Region$$Table$$Limit                     0x08009c2c   Number         0  anon$$obj.o(Region$$Table)
    uwTick                                   0x20000000   Data           4  stm32f1xx_hal.o(.data)
    SystemCoreClock                          0x20000004   Data           4  system_stm32f1xx.o(.data)
    Font16                                   0x20000008   Data           8  font16.o(.data)
    Font20                                   0x20000010   Data           8  font20.o(.data)
    Font24                                   0x20000018   Data           8  font24.o(.data)
    BytesWritten                             0x20000020   Data           4  fatfs_storage.o(.data)
    BytesRead                                0x20000024   Data           4  fatfs_storage.o(.data)
    f_res                                    0x20000030   Data           1  lcd_bmp.o(.data)
    SD_Type                                  0x2000003a   Data           1  mmc_sd.o(.data)
    __stdout                                 0x2000003c   Data           4  stdout.o(.data)
    __microlib_freelist                      0x20000040   Data           4  mvars.o(.data)
    __microlib_freelist_initialised          0x20000044   Data           4  mvars.o(.data)
    hspi1                                    0x2000004c   Data          88  spi.o(.bss)
    huart2                                   0x200000a4   Data          64  usart.o(.bss)
    htim3                                    0x200000e4   Data          64  tim.o(.bss)
    aBuffer                                  0x20000124   Data         960  fatfs_storage.o(.bss)
    MyFileInfo                               0x200004e4   Data          24  fatfs_storage.o(.bss)
    MyDirectory                              0x200004fc   Data          28  fatfs_storage.o(.bss)
    MyFile                                   0x20000518   Data         552  fatfs_storage.o(.bss)
    pDirectoryFiles                          0x20000740   Data         100  lcd_bmp.o(.bss)
    str                                      0x200007a4   Data          20  lcd_bmp.o(.bss)
    microSDFatFs                             0x200007b8   Data         560  lcd_bmp.o(.bss)
    sLCD_DIS                                 0x200009e8   Data          10  lcd_driver.o(.bss)
    __heap_base                              0x20000a10   Data           0  startup_stm32f103xb.o(HEAP)
    __heap_limit                             0x20000c10   Data           0  startup_stm32f103xb.o(HEAP)
    __initial_sp                             0x20001010   Data           0  startup_stm32f103xb.o(STACK)



==============================================================================

Memory Map of the image

  Image Entry point : 0x080000ed

  Load Region LR_IROM1 (Base: 0x08000000, Size: 0x00009c78, Max: 0x00020000, ABSOLUTE)

    Execution Region ER_IROM1 (Exec base: 0x08000000, Load base: 0x08000000, Size: 0x00009c2c, Max: 0x00020000, ABSOLUTE)

    Exec Addr    Load Addr    Size         Type   Attr      Idx    E Section Name        Object

    0x08000000   0x08000000   0x000000ec   Data   RO         2871    RESET               startup_stm32f103xb.o
    0x080000ec   0x080000ec   0x00000000   Code   RO         3896  * .ARM.Collect$$$$00000000  mc_w.l(entry.o)
    0x080000ec   0x080000ec   0x00000004   Code   RO         4216    .ARM.Collect$$$$00000001  mc_w.l(entry2.o)
    0x080000f0   0x080000f0   0x00000004   Code   RO         4219    .ARM.Collect$$$$00000004  mc_w.l(entry5.o)
    0x080000f4   0x080000f4   0x00000000   Code   RO         4221    .ARM.Collect$$$$00000008  mc_w.l(entry7b.o)
    0x080000f4   0x080000f4   0x00000000   Code   RO         4223    .ARM.Collect$$$$0000000A  mc_w.l(entry8b.o)
    0x080000f4   0x080000f4   0x00000008   Code   RO         4224    .ARM.Collect$$$$0000000B  mc_w.l(entry9a.o)
    0x080000fc   0x080000fc   0x00000004   Code   RO         4231    .ARM.Collect$$$$0000000E  mc_w.l(entry12b.o)
    0x08000100   0x08000100   0x00000000   Code   RO         4226    .ARM.Collect$$$$0000000F  mc_w.l(entry10a.o)
    0x08000100   0x08000100   0x00000000   Code   RO         4228    .ARM.Collect$$$$00000011  mc_w.l(entry11a.o)
    0x08000100   0x08000100   0x00000004   Code   RO         4217    .ARM.Collect$$$$00002712  mc_w.l(entry2.o)
    0x08000104   0x08000104   0x00000024   Code   RO         2872    .text               startup_stm32f103xb.o
    0x08000128   0x08000128   0x00000020   Code   RO         3899    .text               mc_w.l(llushr.o)
    0x08000148   0x08000148   0x00000024   Code   RO         3901    .text               mc_w.l(memseta.o)
    0x0800016c   0x0800016c   0x0000000e   Code   RO         3903    .text               mc_w.l(strlen.o)
    0x0800017a   0x0800017a   0x000000b0   Code   RO         4194    .text               mf_w.l(fadd.o)
    0x0800022a   0x0800022a   0x00000064   Code   RO         4196    .text               mf_w.l(fmul.o)
    0x0800028e   0x0800028e   0x0000007c   Code   RO         4198    .text               mf_w.l(fdiv.o)
    0x0800030a   0x0800030a   0x00000018   Code   RO         4200    .text               mf_w.l(fscalb.o)
    0x08000322   0x08000322   0x00000012   Code   RO         4202    .text               mf_w.l(fflti.o)
    0x08000334   0x08000334   0x0000000a   Code   RO         4204    .text               mf_w.l(ffltui.o)
    0x0800033e   0x0800033e   0x0000001a   Code   RO         4206    .text               mf_w.l(dfltui.o)
    0x08000358   0x08000358   0x00000032   Code   RO         4208    .text               mf_w.l(ffixi.o)
    0x0800038a   0x0800038a   0x00000028   Code   RO         4210    .text               mf_w.l(ffixui.o)
    0x080003b2   0x080003b2   0x00000032   Code   RO         4212    .text               mf_w.l(dfixui.o)
    0x080003e4   0x080003e4   0x00000026   Code   RO         4214    .text               mf_w.l(f2d.o)
    0x0800040a   0x0800040a   0x0000002c   Code   RO         4233    .text               mc_w.l(uidiv.o)
    0x08000436   0x08000436   0x00000062   Code   RO         4235    .text               mc_w.l(uldiv.o)
    0x08000498   0x08000498   0x00000000   Code   RO         4250    .text               mc_w.l(iusefp.o)
    0x08000498   0x08000498   0x0000006e   Code   RO         4251    .text               mf_w.l(fepilogue.o)
    0x08000506   0x08000506   0x000000ba   Code   RO         4253    .text               mf_w.l(depilogue.o)
    0x080005c0   0x080005c0   0x0000014e   Code   RO         4255    .text               mf_w.l(dadd.o)
    0x0800070e   0x0800070e   0x000000e4   Code   RO         4257    .text               mf_w.l(dmul.o)
    0x080007f2   0x080007f2   0x000000de   Code   RO         4259    .text               mf_w.l(ddiv.o)
    0x080008d0   0x080008d0   0x000000a2   Code   RO         4261    .text               mf_w.l(dsqrt.o)
    0x08000972   0x08000972   0x00000030   Code   RO         4263    .text               mf_w.l(dfixul.o)
    0x080009a2   0x080009a2   0x00000002   PAD
    0x080009a4   0x080009a4   0x00000030   Code   RO         4267    .text               mf_w.l(cdrcmple.o)
    0x080009d4   0x080009d4   0x00000024   Code   RO         4269    .text               mc_w.l(init.o)
    0x080009f8   0x080009f8   0x0000001e   Code   RO         4271    .text               mc_w.l(llshl.o)
    0x08000a16   0x08000a16   0x00000024   Code   RO         4273    .text               mc_w.l(llsshr.o)
    0x08000a3a   0x08000a3a   0x00000002   Code   RO          306    i.BusFault_Handler  stm32f1xx_it.o
    0x08000a3c   0x08000a3c   0x00000002   Code   RO          307    i.DebugMon_Handler  stm32f1xx_it.o
    0x08000a3e   0x08000a3e   0x00000004   Code   RO         3828    i.Driver_Delay_ms   dev_config.o
    0x08000a42   0x08000a42   0x0000000a   Code   RO         3829    i.Driver_Delay_us   dev_config.o
    0x08000a4c   0x08000a4c   0x00000104   Code   RO         3522    i.GUI_DisChar       lcd_gui.o
    0x08000b50   0x08000b50   0x000000d0   Code   RO         3524    i.GUI_DisNum        lcd_gui.o
    0x08000c20   0x08000c20   0x0000007c   Code   RO         3525    i.GUI_DisString_EN  lcd_gui.o
    0x08000c9c   0x08000c9c   0x00000258   Code   RO         3527    i.GUI_DrawCircle    lcd_gui.o
    0x08000ef4   0x08000ef4   0x00000110   Code   RO         3528    i.GUI_DrawLine      lcd_gui.o
    0x08001004   0x08001004   0x000000dc   Code   RO         3529    i.GUI_DrawPoint     lcd_gui.o
    0x080010e0   0x080010e0   0x000000d0   Code   RO         3530    i.GUI_DrawRectangle  lcd_gui.o
    0x080011b0   0x080011b0   0x00000450   Code   RO         3532    i.GUI_Show          lcd_gui.o
    0x08001600   0x08001600   0x0000001c   Code   RO         1103    i.HAL_Delay         stm32f1xx_hal.o
    0x0800161c   0x0800161c   0x000001bc   Code   RO         2263    i.HAL_GPIO_Init     stm32f1xx_hal_gpio.o
    0x080017d8   0x080017d8   0x0000000a   Code   RO         2265    i.HAL_GPIO_ReadPin  stm32f1xx_hal_gpio.o
    0x080017e2   0x080017e2   0x0000000a   Code   RO         2267    i.HAL_GPIO_WritePin  stm32f1xx_hal_gpio.o
    0x080017ec   0x080017ec   0x0000000c   Code   RO         1107    i.HAL_GetTick       stm32f1xx_hal.o
    0x080017f8   0x080017f8   0x00000010   Code   RO         1109    i.HAL_IncTick       stm32f1xx_hal.o
    0x08001808   0x08001808   0x00000024   Code   RO         1110    i.HAL_Init          stm32f1xx_hal.o
    0x0800182c   0x0800182c   0x00000028   Code   RO         1111    i.HAL_InitTick      stm32f1xx_hal.o
    0x08001854   0x08001854   0x00000084   Code   RO          184    i.HAL_MspInit       stm32f1xx_hal_msp.o
    0x080018d8   0x080018d8   0x00000040   Code   RO         1478    i.HAL_NVIC_SetPriority  stm32f1xx_hal_cortex.o
    0x08001918   0x08001918   0x00000024   Code   RO         1479    i.HAL_NVIC_SetPriorityGrouping  stm32f1xx_hal_cortex.o
    0x0800193c   0x0800193c   0x00000154   Code   RO         2327    i.HAL_RCC_ClockConfig  stm32f1xx_hal_rcc.o
    0x08001a90   0x08001a90   0x0000000c   Code   RO         2332    i.HAL_RCC_GetHCLKFreq  stm32f1xx_hal_rcc.o
    0x08001a9c   0x08001a9c   0x00000020   Code   RO         2334    i.HAL_RCC_GetPCLK1Freq  stm32f1xx_hal_rcc.o
    0x08001abc   0x08001abc   0x00000020   Code   RO         2335    i.HAL_RCC_GetPCLK2Freq  stm32f1xx_hal_rcc.o
    0x08001adc   0x08001adc   0x0000006c   Code   RO         2336    i.HAL_RCC_GetSysClockFreq  stm32f1xx_hal_rcc.o
    0x08001b48   0x08001b48   0x00000304   Code   RO         2339    i.HAL_RCC_OscConfig  stm32f1xx_hal_rcc.o
    0x08001e4c   0x08001e4c   0x00000082   Code   RO         2236    i.HAL_SPI_Init      stm32f1xx_hal_spi_ex.o
    0x08001ece   0x08001ece   0x00000002   PAD
    0x08001ed0   0x08001ed0   0x00000058   Code   RO            5    i.HAL_SPI_MspInit   spi.o
    0x08001f28   0x08001f28   0x00000018   Code   RO         1481    i.HAL_SYSTICK_CLKSourceConfig  stm32f1xx_hal_cortex.o
    0x08001f40   0x08001f40   0x00000002   Code   RO         1482    i.HAL_SYSTICK_Callback  stm32f1xx_hal_cortex.o
    0x08001f42   0x08001f42   0x00000028   Code   RO         1483    i.HAL_SYSTICK_Config  stm32f1xx_hal_cortex.o
    0x08001f6a   0x08001f6a   0x00000008   Code   RO         1484    i.HAL_SYSTICK_IRQHandler  stm32f1xx_hal_cortex.o
    0x08001f72   0x08001f72   0x00000050   Code   RO         1254    i.HAL_TIMEx_MasterConfigSynchronization  stm32f1xx_hal_tim_ex.o
    0x08001fc2   0x08001fc2   0x00000002   PAD
    0x08001fc4   0x08001fc4   0x0000003c   Code   RO          381    i.HAL_TIM_MspPostInit  tim.o
    0x08002000   0x08002000   0x000000d0   Code   RO          533    i.HAL_TIM_PWM_ConfigChannel  stm32f1xx_hal_tim.o
    0x080020d0   0x080020d0   0x00000036   Code   RO          536    i.HAL_TIM_PWM_Init  stm32f1xx_hal_tim.o
    0x08002106   0x08002106   0x00000002   PAD
    0x08002108   0x08002108   0x00000028   Code   RO          383    i.HAL_TIM_PWM_MspInit  tim.o
    0x08002130   0x08002130   0x00000030   Code   RO          540    i.HAL_TIM_PWM_Start  stm32f1xx_hal_tim.o
    0x08002160   0x08002160   0x00000062   Code   RO         1737    i.HAL_UART_Init     stm32f1xx_hal_uart.o
    0x080021c2   0x080021c2   0x00000002   PAD
    0x080021c4   0x080021c4   0x00000058   Code   RO          137    i.HAL_UART_MspInit  usart.o
    0x0800221c   0x0800221c   0x000000ba   Code   RO         1745    i.HAL_UART_Transmit  stm32f1xx_hal_uart.o
    0x080022d6   0x080022d6   0x00000002   Code   RO          308    i.HardFault_Handler  stm32f1xx_it.o
    0x080022d8   0x080022d8   0x00000018   Code   RO         3433    i.LCD_Clear         lcd_driver.o
    0x080022f0   0x080022f0   0x00000078   Code   RO         3434    i.LCD_Init          lcd_driver.o
    0x08002368   0x08002368   0x00000210   Code   RO         3435    i.LCD_InitReg       lcd_driver.o
    0x08002578   0x08002578   0x00000032   Code   RO         3436    i.LCD_SetArealColor  lcd_driver.o
    0x080025aa   0x080025aa   0x00000002   PAD
    0x080025ac   0x080025ac   0x00000050   Code   RO         3437    i.LCD_SetColor      lcd_driver.o
    0x080025fc   0x080025fc   0x00000008   Code   RO         3438    i.LCD_SetCursor     lcd_driver.o
    0x08002604   0x08002604   0x00000094   Code   RO         3439    i.LCD_SetGramScanWay  lcd_driver.o
    0x08002698   0x08002698   0x0000002c   Code   RO         3440    i.LCD_SetPointlColor  lcd_driver.o
    0x080026c4   0x080026c4   0x0000005a   Code   RO         3441    i.LCD_SetWindow     lcd_driver.o
    0x0800271e   0x0800271e   0x00000002   PAD
    0x08002720   0x08002720   0x00000160   Code   RO         3396    i.LCD_Show_bmp      lcd_bmp.o
    0x08002880   0x08002880   0x0000003c   Code   RO         3442    i.LCD_WriteData     lcd_driver.o
    0x080028bc   0x080028bc   0x00000038   Code   RO         3443    i.LCD_WriteReg      lcd_driver.o
    0x080028f4   0x080028f4   0x000000a8   Code   RO          282    i.MX_GPIO_Init      gpio.o
    0x0800299c   0x0800299c   0x0000005c   Code   RO            6    i.MX_SPI1_Init      spi.o
    0x080029f8   0x080029f8   0x00000084   Code   RO          384    i.MX_TIM3_Init      tim.o
    0x08002a7c   0x08002a7c   0x0000004c   Code   RO          138    i.MX_USART2_UART_Init  usart.o
    0x08002ac8   0x08002ac8   0x00000002   Code   RO          309    i.MemManage_Handler  stm32f1xx_it.o
    0x08002aca   0x08002aca   0x00000002   Code   RO          310    i.NMI_Handler       stm32f1xx_it.o
    0x08002acc   0x08002acc   0x00000020   Code   RO         1485    i.NVIC_SetPriority  stm32f1xx_hal_cortex.o
    0x08002aec   0x08002aec   0x0000002c   Code   RO         3830    i.PWM_SetValue      dev_config.o
    0x08002b18   0x08002b18   0x00000002   Code   RO          311    i.PendSV_Handler    stm32f1xx_it.o
    0x08002b1a   0x08002b1a   0x00000002   PAD
    0x08002b1c   0x08002b1c   0x0000001c   Code   RO         3715    i.SD_DisSelect      mmc_sd.o
    0x08002b38   0x08002b38   0x0000002a   Code   RO         3717    i.SD_GetCSD         mmc_sd.o
    0x08002b62   0x08002b62   0x00000028   Code   RO         3718    i.SD_GetResponse    mmc_sd.o
    0x08002b8a   0x08002b8a   0x0000006e   Code   RO         3719    i.SD_GetSectorCount  mmc_sd.o
    0x08002bf8   0x08002bf8   0x000000cc   Code   RO         3397    i.SD_Init           lcd_bmp.o
    0x08002cc4   0x08002cc4   0x00000158   Code   RO         3720    i.SD_Initialize     mmc_sd.o
    0x08002e1c   0x08002e1c   0x0000006c   Code   RO         3721    i.SD_ReadDisk       mmc_sd.o
    0x08002e88   0x08002e88   0x00000034   Code   RO         3722    i.SD_RecvData       mmc_sd.o
    0x08002ebc   0x08002ebc   0x00000004   Code   RO         3723    i.SD_SPI_ReadWriteByte  mmc_sd.o
    0x08002ec0   0x08002ec0   0x00000002   Code   RO         3724    i.SD_SPI_SpeedHigh  mmc_sd.o
    0x08002ec2   0x08002ec2   0x00000002   Code   RO         3725    i.SD_SPI_SpeedLow   mmc_sd.o
    0x08002ec4   0x08002ec4   0x00000020   Code   RO         3726    i.SD_Select         mmc_sd.o
    0x08002ee4   0x08002ee4   0x00000050   Code   RO         3727    i.SD_SendBlock      mmc_sd.o
    0x08002f34   0x08002f34   0x0000005e   Code   RO         3728    i.SD_SendCmd        mmc_sd.o
    0x08002f92   0x08002f92   0x00000020   Code   RO         3729    i.SD_WaitReady      mmc_sd.o
    0x08002fb2   0x08002fb2   0x00000002   PAD
    0x08002fb4   0x08002fb4   0x00000080   Code   RO         3730    i.SD_WriteDisk      mmc_sd.o
    0x08003034   0x08003034   0x00000004   Code   RO         3831    i.SPI4W_Read_Byte   dev_config.o
    0x08003038   0x08003038   0x00000038   Code   RO         3832    i.SPI4W_Write_Byte  dev_config.o
    0x08003070   0x08003070   0x00000002   Code   RO          312    i.SVC_Handler       stm32f1xx_it.o
    0x08003072   0x08003072   0x00000002   PAD
    0x08003074   0x08003074   0x0000001c   Code   RO         3058    i.Storage_CheckBitmapFile  fatfs_storage.o
    0x08003090   0x08003090   0x00000088   Code   RO         3060    i.Storage_GetDirectoryBitmapFiles  fatfs_storage.o
    0x08003118   0x08003118   0x00000174   Code   RO         3061    i.Storage_OpenReadFile  fatfs_storage.o
    0x0800328c   0x0800328c   0x0000000e   Code   RO          313    i.SysTick_Handler   stm32f1xx_it.o
    0x0800329a   0x0800329a   0x00000068   Code   RO          208    i.SystemClock_Config  main.o
    0x08003302   0x08003302   0x00000002   PAD
    0x08003304   0x08003304   0x00000048   Code   RO         2880    i.SystemInit        system_stm32f1xx.o
    0x0800334c   0x0800334c   0x0000001c   Code   RO         3834    i.System_Init       dev_config.o
    0x08003368   0x08003368   0x0000006c   Code   RO          551    i.TIM_Base_SetConfig  stm32f1xx_hal_tim.o
    0x080033d4   0x080033d4   0x00000016   Code   RO          552    i.TIM_CCxChannelCmd  stm32f1xx_hal_tim.o
    0x080033ea   0x080033ea   0x00000002   PAD
    0x080033ec   0x080033ec   0x00000050   Code   RO          560    i.TIM_OC1_SetConfig  stm32f1xx_hal_tim.o
    0x0800343c   0x0800343c   0x00000058   Code   RO          561    i.TIM_OC2_SetConfig  stm32f1xx_hal_tim.o
    0x08003494   0x08003494   0x00000058   Code   RO          562    i.TIM_OC3_SetConfig  stm32f1xx_hal_tim.o
    0x080034ec   0x080034ec   0x00000044   Code   RO          563    i.TIM_OC4_SetConfig  stm32f1xx_hal_tim.o
    0x08003530   0x08003530   0x00000900   Code   RO         3623    i.TP_Adjust         lcd_touch.o
    0x08003e30   0x08003e30   0x00000170   Code   RO         3624    i.TP_Dialog         lcd_touch.o
    0x08003fa0   0x08003fa0   0x0000019c   Code   RO         3625    i.TP_DrawBoard      lcd_touch.o
    0x0800413c   0x0800413c   0x00000060   Code   RO         3626    i.TP_DrawCross      lcd_touch.o
    0x0800419c   0x0800419c   0x000000b0   Code   RO         3627    i.TP_GetAdFac       lcd_touch.o
    0x0800424c   0x0800424c   0x00000028   Code   RO         3628    i.TP_Init           lcd_touch.o
    0x08004274   0x08004274   0x00000060   Code   RO         3629    i.TP_Read_ADC       lcd_touch.o
    0x080042d4   0x080042d4   0x00000068   Code   RO         3630    i.TP_Read_ADC_Average  lcd_touch.o
    0x0800433c   0x0800433c   0x00000018   Code   RO         3631    i.TP_Read_ADC_XY    lcd_touch.o
    0x08004354   0x08004354   0x00000072   Code   RO         3632    i.TP_Read_TwiceADC  lcd_touch.o
    0x080043c6   0x080043c6   0x00000002   PAD
    0x080043c8   0x080043c8   0x00000198   Code   RO         3633    i.TP_Scan           lcd_touch.o
    0x08004560   0x08004560   0x0000019c   Code   RO         3634    i.TP_ShowInfo       lcd_touch.o
    0x080046fc   0x080046fc   0x00000170   Code   RO         1763    i.UART_SetConfig    stm32f1xx_hal_uart.o
    0x0800486c   0x0800486c   0x00000064   Code   RO         1765    i.UART_WaitOnFlagUntilTimeout  stm32f1xx_hal_uart.o
    0x080048d0   0x080048d0   0x00000002   Code   RO          314    i.UsageFault_Handler  stm32f1xx_it.o
    0x080048d2   0x080048d2   0x00000002   Code   RO          209    i._Error_Handler    main.o
    0x080048d4   0x080048d4   0x00000020   Code   RO         4138    i.__0printf         mc_w.l(printfa.o)
    0x080048f4   0x080048f4   0x00000028   Code   RO         4140    i.__0sprintf        mc_w.l(printfa.o)
    0x0800491c   0x0800491c   0x0000000e   Code   RO         4277    i.__scatterload_copy  mc_w.l(handlers.o)
    0x0800492a   0x0800492a   0x00000002   Code   RO         4278    i.__scatterload_null  mc_w.l(handlers.o)
    0x0800492c   0x0800492c   0x0000000e   Code   RO         4279    i.__scatterload_zeroinit  mc_w.l(handlers.o)
    0x0800493a   0x0800493a   0x00000002   PAD
    0x0800493c   0x0800493c   0x0000000c   Code   RO         4245    i.__set_errno       mc_w.l(errno.o)
    0x08004948   0x08004948   0x00000184   Code   RO         4145    i._fp_digits        mc_w.l(printfa.o)
    0x08004acc   0x08004acc   0x000006b4   Code   RO         4146    i._printf_core      mc_w.l(printfa.o)
    0x08005180   0x08005180   0x00000024   Code   RO         4147    i._printf_post_padding  mc_w.l(printfa.o)
    0x080051a4   0x080051a4   0x0000002e   Code   RO         4148    i._printf_pre_padding  mc_w.l(printfa.o)
    0x080051d2   0x080051d2   0x0000000a   Code   RO         4150    i._sputc            mc_w.l(printfa.o)
    0x080051dc   0x080051dc   0x00000074   Code   RO         3113    i.check_fs          ff.o
    0x08005250   0x08005250   0x00000024   Code   RO         3114    i.clmt_clust        ff.o
    0x08005274   0x08005274   0x00000018   Code   RO         3115    i.clust2sect        ff.o
    0x0800528c   0x0800528c   0x0000009a   Code   RO         3116    i.create_chain      ff.o
    0x08005326   0x08005326   0x00000002   PAD
    0x08005328   0x08005328   0x000000fc   Code   RO         3117    i.create_name       ff.o
    0x08005424   0x08005424   0x000000e8   Code   RO         3118    i.dir_next          ff.o
    0x0800550c   0x0800550c   0x00000058   Code   RO         3119    i.dir_read          ff.o
    0x08005564   0x08005564   0x00000064   Code   RO         3120    i.dir_register      ff.o
    0x080055c8   0x080055c8   0x0000007e   Code   RO         3122    i.dir_sdi           ff.o
    0x08005646   0x08005646   0x0000001e   Code   RO         2987    i.disk_initialize   diskio.o
    0x08005664   0x08005664   0x0000005c   Code   RO         2988    i.disk_ioctl        diskio.o
    0x080056c0   0x080056c0   0x00000030   Code   RO         2989    i.disk_read         diskio.o
    0x080056f0   0x080056f0   0x00000004   Code   RO         2990    i.disk_status       diskio.o
    0x080056f4   0x080056f4   0x00000022   Code   RO         2991    i.disk_write        diskio.o
    0x08005716   0x08005716   0x00000012   Code   RO         3124    i.f_close           ff.o
    0x08005728   0x08005728   0x00000044   Code   RO         3130    i.f_mount           ff.o
    0x0800576c   0x0800576c   0x00000144   Code   RO         3131    i.f_open            ff.o
    0x080058b0   0x080058b0   0x00000060   Code   RO         3132    i.f_opendir         ff.o
    0x08005910   0x08005910   0x00000156   Code   RO         3136    i.f_read            ff.o
    0x08005a66   0x08005a66   0x0000004e   Code   RO         3137    i.f_readdir         ff.o
    0x08005ab4   0x08005ab4   0x00000098   Code   RO         3140    i.f_sync            ff.o
    0x08005b4c   0x08005b4c   0x000002b4   Code   RO         3145    i.find_volume       ff.o
    0x08005e00   0x08005e00   0x000000aa   Code   RO         3146    i.follow_path       ff.o
    0x08005eaa   0x08005eaa   0x00000002   PAD
    0x08005eac   0x08005eac   0x00000018   Code   RO          139    i.fputc             usart.o
    0x08005ec4   0x08005ec4   0x000000c2   Code   RO         3147    i.get_fat           ff.o
    0x08005f86   0x08005f86   0x00000004   Code   RO         2992    i.get_fattime       diskio.o
    0x08005f8a   0x08005f8a   0x00000056   Code   RO         3148    i.get_fileinfo      ff.o
    0x08005fe0   0x08005fe0   0x0000002e   Code   RO         3149    i.get_ldnumber      ff.o
    0x0800600e   0x0800600e   0x00000012   Code   RO         3150    i.ld_clust          ff.o
    0x08006020   0x08006020   0x00000148   Code   RO          210    i.main              main.o
    0x08006168   0x08006168   0x0000006c   Code   RO         4167    i.malloc            mc_w.l(malloc.o)
    0x080061d4   0x080061d4   0x00000012   Code   RO         3151    i.mem_cpy           ff.o
    0x080061e6   0x080061e6   0x0000000e   Code   RO         3152    i.mem_set           ff.o
    0x080061f4   0x080061f4   0x0000002e   Code   RO         3153    i.move_window       ff.o
    0x08006222   0x08006222   0x00000002   PAD
    0x08006224   0x08006224   0x000000fa   Code   RO         3154    i.put_fat           ff.o
    0x0800631e   0x0800631e   0x00000062   Code   RO         3156    i.remove_chain      ff.o
    0x08006380   0x08006380   0x0000004c   Code   RO         3889    i.sqrt              m_ws.l(sqrt.o)
    0x080063cc   0x080063cc   0x00000010   Code   RO         3157    i.st_clust          ff.o
    0x080063dc   0x080063dc   0x000000b0   Code   RO         3158    i.sync_fs           ff.o
    0x0800648c   0x0800648c   0x00000050   Code   RO         3159    i.sync_window       ff.o
    0x080064dc   0x080064dc   0x00000026   Code   RO         3160    i.validate          ff.o
    0x08006502   0x08006502   0x00000010   Data   RO         2881    .constdata          system_stm32f1xx.o
    0x08006512   0x08006512   0x00000008   Data   RO         2882    .constdata          system_stm32f1xx.o
    0x0800651a   0x0800651a   0x00000be0   Data   RO         2942    .constdata          font16.o
    0x080070fa   0x080070fa   0x00000ed8   Data   RO         2956    .constdata          font20.o
    0x08007fd2   0x08007fd2   0x00001ab8   Data   RO         2970    .constdata          font24.o
    0x08009a8a   0x08009a8a   0x00000080   Data   RO         3161    .constdata          ff.o
    0x08009b0a   0x08009b0a   0x00000002   PAD
    0x08009b0c   0x08009b0c   0x00000042   Data   RO         3535    .conststring        lcd_gui.o
    0x08009b4e   0x08009b4e   0x00000002   PAD
    0x08009b50   0x08009b50   0x000000ba   Data   RO         3636    .conststring        lcd_touch.o
    0x08009c0a   0x08009c0a   0x00000002   PAD
    0x08009c0c   0x08009c0c   0x00000020   Data   RO         4275    Region$$Table       anon$$obj.o


    Execution Region RW_IRAM1 (Exec base: 0x20000000, Load base: 0x08009c2c, Size: 0x00001010, Max: 0x00005000, ABSOLUTE)

    Exec Addr    Load Addr    Size         Type   Attr      Idx    E Section Name        Object

    0x20000000   0x08009c2c   0x00000004   Data   RW         1116    .data               stm32f1xx_hal.o
    0x20000004   0x08009c30   0x00000004   Data   RW         2883    .data               system_stm32f1xx.o
    0x20000008   0x08009c34   0x00000008   Data   RW         2943    .data               font16.o
    0x20000010   0x08009c3c   0x00000008   Data   RW         2957    .data               font20.o
    0x20000018   0x08009c44   0x00000008   Data   RW         2971    .data               font24.o
    0x20000020   0x08009c4c   0x00000008   Data   RW         3063    .data               fatfs_storage.o
    0x20000028   0x08009c54   0x00000008   Data   RW         3162    .data               ff.o
    0x20000030   0x08009c5c   0x00000001   Data   RW         3399    .data               lcd_bmp.o
    0x20000031   0x08009c5d   0x00000001   PAD
    0x20000032   0x08009c5e   0x00000008   Data   RW         3637    .data               lcd_touch.o
    0x2000003a   0x08009c66   0x00000001   Data   RW         3731    .data               mmc_sd.o
    0x2000003b   0x08009c67   0x00000001   PAD
    0x2000003c   0x08009c68   0x00000004   Data   RW         4232    .data               mc_w.l(stdout.o)
    0x20000040   0x08009c6c   0x00000004   Data   RW         4241    .data               mc_w.l(mvars.o)
    0x20000044   0x08009c70   0x00000004   Data   RW         4242    .data               mc_w.l(mvars.o)
    0x20000048   0x08009c74   0x00000004   Data   RW         4246    .data               mc_w.l(errno.o)
    0x2000004c        -       0x00000058   Zero   RW            7    .bss                spi.o
    0x200000a4        -       0x00000040   Zero   RW          140    .bss                usart.o
    0x200000e4        -       0x00000040   Zero   RW          385    .bss                tim.o
    0x20000124        -       0x0000061c   Zero   RW         3062    .bss                fatfs_storage.o
    0x20000740        -       0x000002a8   Zero   RW         3398    .bss                lcd_bmp.o
    0x200009e8        -       0x0000000a   Zero   RW         3444    .bss                lcd_driver.o
    0x200009f2   0x08009c78   0x00000002   PAD
    0x200009f4        -       0x0000001c   Zero   RW         3635    .bss                lcd_touch.o
    0x20000a10        -       0x00000200   Zero   RW         2870    HEAP                startup_stm32f103xb.o
    0x20000c10        -       0x00000400   Zero   RW         2869    STACK               startup_stm32f103xb.o


==============================================================================

Image component sizes


      Code (inc. data)   RO Data    RW Data    ZI Data      Debug   Object Name

       146         32          0          0          0       3378   dev_config.o
       212          4          0          0          0       8252   diskio.o
       536         60          0          8       1564       4029   fatfs_storage.o
      4148         42        128          8          0      31788   ff.o
         0          0       3040          8          0       1295   font16.o
         0          0       3800          8          0       1295   font20.o
         0          0       6840          8          0       1295   font24.o
       168         12          0          0          0       1063   gpio.o
       556        250          0          1        680       2698   lcd_bmp.o
      1208         50          0          0         10       8600   lcd_driver.o
      2996        698         66          0          0      10151   lcd_gui.o
      4554        714        186          8         28      10078   lcd_touch.o
       434        202          0          0          0       5913   main.o
      1098         28          0          1          0      11758   mmc_sd.o
       180         40          0          0         88     439397   spi.o
        36          8        236          0       1536        832   startup_stm32f103xb.o
       132         22          0          4          0       4075   stm32f1xx_hal.o
       206         14          0          0          0      27228   stm32f1xx_hal_cortex.o
       464         36          0          0          0       3747   stm32f1xx_hal_gpio.o
       132         10          0          0          0        966   stm32f1xx_hal_msp.o
      1296        104          0          0          0       6048   stm32f1xx_hal_rcc.o
       130          0          0          0          0       1183   stm32f1xx_hal_spi_ex.o
       764         40          0          0          0       8080   stm32f1xx_hal_tim.o
        80          0          0          0          0       1396   stm32f1xx_hal_tim_ex.o
       752          4          0          0          0       4212   stm32f1xx_hal_uart.o
        30          0          0          0          0       4370   stm32f1xx_it.o
        72         16         24          4          0       1339   system_stm32f1xx.o
       232         48          0          0         64       2395   tim.o
       188         42          0          0         64       2438   usart.o

    ----------------------------------------------------------------------
     20780       2476      14358         60       4036     609299   Object Totals
         0          0         32          0          0          0   (incl. Generated)
        30          0          6          2          2          0   (incl. Padding)

    ----------------------------------------------------------------------

      Code (inc. data)   RO Data    RW Data    ZI Data      Debug   Library Member Name

        76          0          0          0          0         84   sqrt.o
         0          0          0          0          0          0   entry.o
         0          0          0          0          0          0   entry10a.o
         0          0          0          0          0          0   entry11a.o
         4          0          0          0          0          0   entry12b.o
         8          4          0          0          0          0   entry2.o
         4          0          0          0          0          0   entry5.o
         0          0          0          0          0          0   entry7b.o
         0          0          0          0          0          0   entry8b.o
         8          4          0          0          0          0   entry9a.o
        12          6          0          4          0         68   errno.o
        30          0          0          0          0          0   handlers.o
        36          8          0          0          0         68   init.o
         0          0          0          0          0          0   iusefp.o
        30          0          0          0          0         68   llshl.o
        36          0          0          0          0         68   llsshr.o
        32          0          0          0          0         68   llushr.o
       108         16          0          0          0         84   malloc.o
        36          0          0          0          0        108   memseta.o
         0          0          0          8          0          0   mvars.o
      2268         96          0          0          0        616   printfa.o
         0          0          0          4          0          0   stdout.o
        14          0          0          0          0         68   strlen.o
        44          0          0          0          0         80   uidiv.o
        98          0          0          0          0         92   uldiv.o
        48          0          0          0          0         68   cdrcmple.o
       334          0          0          0          0        148   dadd.o
       222          0          0          0          0        100   ddiv.o
       186          0          0          0          0        176   depilogue.o
        50          0          0          0          0         76   dfixui.o
        48          0          0          0          0         68   dfixul.o
        26          0          0          0          0         76   dfltui.o
       228          0          0          0          0         96   dmul.o
       162          0          0          0          0        100   dsqrt.o
        38          0          0          0          0         68   f2d.o
       176          0          0          0          0        140   fadd.o
       124          0          0          0          0         88   fdiv.o
       110          0          0          0          0        168   fepilogue.o
        50          0          0          0          0         68   ffixi.o
        40          0          0          0          0         68   ffixui.o
        18          0          0          0          0         68   fflti.o
        10          0          0          0          0         68   ffltui.o
       100          0          0          0          0         76   fmul.o
        24          0          0          0          0         68   fscalb.o

    ----------------------------------------------------------------------
      4842        134          0         16          0       3260   Library Totals
         4          0          0          0          0          0   (incl. Padding)

    ----------------------------------------------------------------------

      Code (inc. data)   RO Data    RW Data    ZI Data      Debug   Library Name

        76          0          0          0          0         84   m_ws.l
      2768        134          0         16          0       1388   mc_w.l
      1994          0          0          0          0       1788   mf_w.l

    ----------------------------------------------------------------------
      4842        134          0         16          0       3260   Library Totals

    ----------------------------------------------------------------------

==============================================================================


      Code (inc. data)   RO Data    RW Data    ZI Data      Debug   

     25622       2610      14358         76       4036     603195   Grand Totals
     25622       2610      14358         76       4036     603195   ELF Image Totals
     25622       2610      14358         76          0          0   ROM Totals

==============================================================================

    Total RO  Size (Code + RO Data)                39980 (  39.04kB)
    Total RW  Size (RW Data + ZI Data)              4112 (   4.02kB)
    Total ROM Size (Code + RO Data + RW Data)      40056 (  39.12kB)

==============================================================================

