<html>
<body>
<pre>
<h1>µVision Build Log</h1>
<h2>Tool Versions:</h2>
IDE-Version: ¦ÌVision V5.35.0.0
Copyright (C) 2021 ARM Ltd and ARM Germany GmbH. All rights reserved.
License Information: 1 1, 11, LIC=YA39H-WSYYI-636MB-2GWEM-VYYSJ-9PV6W
 
Tool Versions:
Toolchain:       MDK-ARM Plus  Version: 5.35.0.2
Toolchain Path:  F:\Keil_v5\ARM\ARMCC\Bin
C Compiler:      Armcc.exe V5.06 update 7 (build 960)
Assembler:       Armasm.exe V5.06 update 7 (build 960)
Linker/Locator:  ArmLink.exe V5.06 update 7 (build 960)
Library Manager: ArmAr.exe V5.06 update 7 (build 960)
Hex Converter:   FromElf.exe V5.06 update 7 (build 960)
CPU DLL:         SARMCM3.DLL V5.35.0.2
Dialog DLL:      DCM.DLL V1.17.3.0
Target DLL:      STLink\ST-LINKIII-KEIL_SWO.dll V3.0.9.0
Dialog DLL:      TCM.DLL V1.53.0.0
 
<h2>Project:</h2>
E:\Project\FAE\3.5inch_TFT_Touch_Shield_Code_V2\3.5inch_TFT_Touch_Shield_Code\STM32\XNUCLEO-F103RB\lcd3in5-demo\MDK-ARM\lcd3in5-demo.uvprojx
Project File Date:  06/05/2023

<h2>Output:</h2>
*** Using Compiler 'V5.06 update 7 (build 960)', folder: 'F:\Keil_v5\ARM\ARMCC\Bin'
Build target 'lcd3in5-demo'
compiling stm32f1xx_hal_msp.c...
compiling spi.c...
compiling usart.c...
compiling gpio.c...
compiling stm32f1xx_it.c...
compiling main.c...
compiling stm32f1xx_hal_gpio_ex.c...
compiling tim.c...
compiling stm32f1xx_hal_tim.c...
compiling stm32f1xx_hal.c...
compiling stm32f1xx_hal_tim_ex.c...
compiling stm32f1xx_hal_cortex.c...
compiling stm32f1xx_hal_pwr.c...
compiling stm32f1xx_hal_uart.c...
compiling stm32f1xx_hal_dma.c...
compiling stm32f1xx_hal_flash.c...
compiling stm32f1xx_hal_spi_ex.c...
compiling stm32f1xx_hal_gpio.c...
compiling stm32f1xx_hal_flash_ex.c...
compiling stm32f1xx_hal_rcc.c...
compiling stm32f1xx_hal_spi.c...
assembling startup_stm32f103xb.s...
compiling font8.c...
compiling font12.c...
compiling font16.c...
compiling font20.c...
compiling font24.c...
compiling system_stm32f1xx.c...
compiling stm32f1xx_hal_rcc_ex.c...
compiling ff.c...
compiling diskio.c...
compiling fatfs_storage.c...
compiling LCD_Bmp.c...
compiling LCD_Driver.c...
compiling LCD_GUI.c...
compiling MMC_SD.c...
compiling DEV_Config.c...
compiling LCD_Touch.c...
linking...
Program Size: Code=25622 RO-data=14358 RW-data=76 ZI-data=4036  
"lcd3in5-demo\lcd3in5-demo.axf" - 0 Error(s), 0 Warning(s).

<h2>Software Packages used:</h2>

Package Vendor: ARM
                http://www.keil.com/pack/ARM.CMSIS.5.8.0.pack
                ARM.CMSIS.5.8.0
                CMSIS (Common Microcontroller Software Interface Standard)
   * Component: CORE Version: 5.5.0

Package Vendor: Keil
                http://www.keil.com/pack/Keil.STM32F1xx_DFP.2.1.0.pack
                Keil.STM32F1xx_DFP.2.1.0
                STMicroelectronics STM32F1 Series Device Support, Drivers and Examples

<h2>Collection of Component include folders:</h2>
  .\RTE\_lcd3in5-demo
  F:\Keil_v5\ARM\PACK\ARM\CMSIS\5.8.0\CMSIS\Core\Include
  F:\Keil_v5\ARM\PACK\Keil\STM32F1xx_DFP\2.1.0\Device\Include

<h2>Collection of Component Files used:</h2>

   * Component: ARM::CMSIS:CORE:5.5.0
Build Time Elapsed:  00:00:15
</pre>
</body>
</html>
